Archive member included to satisfy reference by file (symbol)

/usr/local/Cellar/arm-gcc-bin/7-2018-q2-update/bin/../lib/gcc/arm-none-eabi/7.3.1/../../../../arm-none-eabi/lib/thumb/v7e-m/fpv4-sp/hard/libc_nano.a(lib_a-exit.o)
                              /usr/local/Cellar/arm-gcc-bin/7-2018-q2-update/bin/../lib/gcc/arm-none-eabi/7.3.1/../../../../arm-none-eabi/lib/thumb/v7e-m/fpv4-sp/hard/crt0.o (exit)
/usr/local/Cellar/arm-gcc-bin/7-2018-q2-update/bin/../lib/gcc/arm-none-eabi/7.3.1/../../../../arm-none-eabi/lib/thumb/v7e-m/fpv4-sp/hard/libc_nano.a(lib_a-impure.o)
                              /usr/local/Cellar/arm-gcc-bin/7-2018-q2-update/bin/../lib/gcc/arm-none-eabi/7.3.1/../../../../arm-none-eabi/lib/thumb/v7e-m/fpv4-sp/hard/libc_nano.a(lib_a-exit.o) (_global_impure_ptr)
/usr/local/Cellar/arm-gcc-bin/7-2018-q2-update/bin/../lib/gcc/arm-none-eabi/7.3.1/../../../../arm-none-eabi/lib/thumb/v7e-m/fpv4-sp/hard/libc_nano.a(lib_a-init.o)
                              /usr/local/Cellar/arm-gcc-bin/7-2018-q2-update/bin/../lib/gcc/arm-none-eabi/7.3.1/../../../../arm-none-eabi/lib/thumb/v7e-m/fpv4-sp/hard/crt0.o (__libc_init_array)
/usr/local/Cellar/arm-gcc-bin/7-2018-q2-update/bin/../lib/gcc/arm-none-eabi/7.3.1/../../../../arm-none-eabi/lib/thumb/v7e-m/fpv4-sp/hard/libc_nano.a(lib_a-memcpy-stub.o)
                              _build/nrf52840_xxaa/nrf_memobj.c.o (memcpy)
/usr/local/Cellar/arm-gcc-bin/7-2018-q2-update/bin/../lib/gcc/arm-none-eabi/7.3.1/../../../../arm-none-eabi/lib/thumb/v7e-m/fpv4-sp/hard/libc_nano.a(lib_a-memset.o)
                              /usr/local/Cellar/arm-gcc-bin/7-2018-q2-update/bin/../lib/gcc/arm-none-eabi/7.3.1/../../../../arm-none-eabi/lib/thumb/v7e-m/fpv4-sp/hard/crt0.o (memset)
/usr/local/Cellar/arm-gcc-bin/7-2018-q2-update/bin/../lib/gcc/arm-none-eabi/7.3.1/../../../../arm-none-eabi/lib/thumb/v7e-m/fpv4-sp/hard/libc_nano.a(lib_a-printf.o)
                              _build/nrf52840_xxaa/main.c.o (printf)
/usr/local/Cellar/arm-gcc-bin/7-2018-q2-update/bin/../lib/gcc/arm-none-eabi/7.3.1/../../../../arm-none-eabi/lib/thumb/v7e-m/fpv4-sp/hard/libc_nano.a(lib_a-strlen.o)
                              _build/nrf52840_xxaa/nrf_fprintf_format.c.o (strlen)
/usr/local/Cellar/arm-gcc-bin/7-2018-q2-update/bin/../lib/gcc/arm-none-eabi/7.3.1/../../../../arm-none-eabi/lib/thumb/v7e-m/fpv4-sp/hard/libc_nano.a(lib_a-findfp.o)
                              /usr/local/Cellar/arm-gcc-bin/7-2018-q2-update/bin/../lib/gcc/arm-none-eabi/7.3.1/../../../../arm-none-eabi/lib/thumb/v7e-m/fpv4-sp/hard/libc_nano.a(lib_a-printf.o) (__sinit)
/usr/local/Cellar/arm-gcc-bin/7-2018-q2-update/bin/../lib/gcc/arm-none-eabi/7.3.1/../../../../arm-none-eabi/lib/thumb/v7e-m/fpv4-sp/hard/libc_nano.a(lib_a-fwalk.o)
                              /usr/local/Cellar/arm-gcc-bin/7-2018-q2-update/bin/../lib/gcc/arm-none-eabi/7.3.1/../../../../arm-none-eabi/lib/thumb/v7e-m/fpv4-sp/hard/libc_nano.a(lib_a-findfp.o) (_fwalk)
/usr/local/Cellar/arm-gcc-bin/7-2018-q2-update/bin/../lib/gcc/arm-none-eabi/7.3.1/../../../../arm-none-eabi/lib/thumb/v7e-m/fpv4-sp/hard/libc_nano.a(lib_a-nano-mallocr.o)
                              /usr/local/Cellar/arm-gcc-bin/7-2018-q2-update/bin/../lib/gcc/arm-none-eabi/7.3.1/../../../../arm-none-eabi/lib/thumb/v7e-m/fpv4-sp/hard/libc_nano.a(lib_a-findfp.o) (_malloc_r)
/usr/local/Cellar/arm-gcc-bin/7-2018-q2-update/bin/../lib/gcc/arm-none-eabi/7.3.1/../../../../arm-none-eabi/lib/thumb/v7e-m/fpv4-sp/hard/libc_nano.a(lib_a-nano-vfprintf.o)
                              /usr/local/Cellar/arm-gcc-bin/7-2018-q2-update/bin/../lib/gcc/arm-none-eabi/7.3.1/../../../../arm-none-eabi/lib/thumb/v7e-m/fpv4-sp/hard/libc_nano.a(lib_a-printf.o) (_vfprintf_r)
/usr/local/Cellar/arm-gcc-bin/7-2018-q2-update/bin/../lib/gcc/arm-none-eabi/7.3.1/../../../../arm-none-eabi/lib/thumb/v7e-m/fpv4-sp/hard/libc_nano.a(lib_a-nano-vfprintf_i.o)
                              /usr/local/Cellar/arm-gcc-bin/7-2018-q2-update/bin/../lib/gcc/arm-none-eabi/7.3.1/../../../../arm-none-eabi/lib/thumb/v7e-m/fpv4-sp/hard/libc_nano.a(lib_a-nano-vfprintf.o) (_printf_i)
/usr/local/Cellar/arm-gcc-bin/7-2018-q2-update/bin/../lib/gcc/arm-none-eabi/7.3.1/../../../../arm-none-eabi/lib/thumb/v7e-m/fpv4-sp/hard/libc_nano.a(lib_a-sbrkr.o)
                              /usr/local/Cellar/arm-gcc-bin/7-2018-q2-update/bin/../lib/gcc/arm-none-eabi/7.3.1/../../../../arm-none-eabi/lib/thumb/v7e-m/fpv4-sp/hard/libc_nano.a(lib_a-nano-mallocr.o) (_sbrk_r)
/usr/local/Cellar/arm-gcc-bin/7-2018-q2-update/bin/../lib/gcc/arm-none-eabi/7.3.1/../../../../arm-none-eabi/lib/thumb/v7e-m/fpv4-sp/hard/libc_nano.a(lib_a-stdio.o)
                              /usr/local/Cellar/arm-gcc-bin/7-2018-q2-update/bin/../lib/gcc/arm-none-eabi/7.3.1/../../../../arm-none-eabi/lib/thumb/v7e-m/fpv4-sp/hard/libc_nano.a(lib_a-findfp.o) (__sread)
[...]
Memory Configuration

Name             Origin             Length             Attributes
FLASH            0x0000000000000000 0x0000000000100000 xr
RAM              0x0000000020000000 0x0000000000040000 xrw
*default*        0x0000000000000000 0xffffffffffffffff

Linker script and memory map


.text           0x0000000000000000     0x271c
 *(.isr_vector)
 .isr_vector    0x0000000000000000      0x200 _build/nrf52840_xxaa/gcc_startup_nrf52840.S.o
                0x0000000000000000                __isr_vector
 *(.text*)
 .text          0x0000000000000200       0x40 /usr/local/Cellar/arm-gcc-bin/7-2018-q2-update/bin/../lib/gcc/arm-none-eabi/7.3.1/thumb/v7e-m/fpv4-sp/hard/crtbegin.o
 .text          0x0000000000000240       0x74 /usr/local/Cellar/arm-gcc-bin/7-2018-q2-update/bin/../lib/gcc/arm-none-eabi/7.3.1/../../../../arm-none-eabi/lib/thumb/v7e-m/fpv4-sp/hard/crt0.o
                0x0000000000000240                _mainCRTStartup
                0x0000000000000240                _start
 .text          0x00000000000002b4       0x3c _build/nrf52840_xxaa/gcc_startup_nrf52840.S.o
                0x00000000000002b4                Reset_Handler
                0x00000000000002dc                NMI_Handler
                0x00000000000002de                HardFault_Handler
                0x00000000000002e0                MemoryManagement_Handler
                0x00000000000002e2                BusFault_Handler
                0x00000000000002e4                UsageFault_Handler
                0x00000000000002e6                SVC_Handler
                0x00000000000002e8                DebugMon_Handler
                0x00000000000002ea                PendSV_Handler
                0x00000000000002ec                SysTick_Handler
                0x00000000000002ee                QDEC_IRQHandler
                0x00000000000002ee                TIMER3_IRQHandler
                0x00000000000002ee                PWM3_IRQHandler
                0x00000000000002ee                FPU_IRQHandler
                0x00000000000002ee                USBD_IRQHandler
                0x00000000000002ee                SPIM0_SPIS0_TWIM0_TWIS0_SPI0_TWI0_IRQHandler
                0x00000000000002ee                TIMER4_IRQHandler
                0x00000000000002ee                CRYPTOCELL_IRQHandler
                0x00000000000002ee                I2S_IRQHandler
                0x00000000000002ee                SWI4_EGU4_IRQHandler
                0x00000000000002ee                TIMER0_IRQHandler
                0x00000000000002ee                UARTE1_IRQHandler
                0x00000000000002ee                TIMER1_IRQHandler
                0x00000000000002ee                SPIM3_IRQHandler
                0x00000000000002ee                PWM2_IRQHandler
                0x00000000000002ee                ECB_IRQHandler
                0x00000000000002ee                SPIM1_SPIS1_TWIM1_TWIS1_SPI1_TWI1_IRQHandler
                0x00000000000002ee                Default_Handler
                0x00000000000002ee                SAADC_IRQHandler
                0x00000000000002ee                CCM_AAR_IRQHandler
                0x00000000000002ee                WDT_IRQHandler
                0x00000000000002ee                SWI5_EGU5_IRQHandler
                0x00000000000002ee                RNG_IRQHandler
                0x00000000000002ee                RTC2_IRQHandler
                0x00000000000002ee                PWM0_IRQHandler
                0x00000000000002ee                SWI3_EGU3_IRQHandler
                0x00000000000002ee                RTC1_IRQHandler
                0x00000000000002ee                SWI1_EGU1_IRQHandler
                0x00000000000002ee                SPIM2_SPIS2_SPI2_IRQHandler
                0x00000000000002ee                NFCT_IRQHandler
                0x00000000000002ee                MWU_IRQHandler
                0x00000000000002ee                QSPI_IRQHandler
                0x00000000000002ee                TIMER2_IRQHandler
                0x00000000000002ee                COMP_LPCOMP_IRQHandler
                0x00000000000002ee                RTC0_IRQHandler
                0x00000000000002ee                SWI0_EGU0_IRQHandler
                0x00000000000002ee                SWI2_EGU2_IRQHandler
                0x00000000000002ee                GPIOTE_IRQHandler
                0x00000000000002ee                PWM1_IRQHandler
                0x00000000000002ee                POWER_CLOCK_IRQHandler
                0x00000000000002ee                RADIO_IRQHandler
                0x00000000000002ee                PDM_IRQHandler
                0x00000000000002ee                TEMP_IRQHandler
 .text.bsp_board_init
                0x00000000000002f0       0x5c _build/nrf52840_xxaa/boards.c.o
                0x00000000000002f0                bsp_board_init
 .text.app_error_handler_bare
                0x000000000000034c       0x20 _build/nrf52840_xxaa/app_error.c.o
                0x000000000000034c                app_error_handler_bare
 .text.app_error_fault_handler
                0x000000000000036c       0x34 _build/nrf52840_xxaa/app_error_weak.c.o
                0x000000000000036c                app_error_fault_handler
 .text.app_fifo_init
                0x00000000000003a0       0x20 _build/nrf52840_xxaa/app_fifo.c.o
                0x00000000000003a0                app_fifo_init
 .text.app_fifo_put
                0x00000000000003c0       0x30 _build/nrf52840_xxaa/app_fifo.c.o
                0x00000000000003c0                app_fifo_put
 .text.app_fifo_get
                0x00000000000003f0       0x2c _build/nrf52840_xxaa/app_fifo.c.o
                0x00000000000003f0                app_fifo_get
 .text.uart_event_handler
                0x000000000000041c      0x11c _build/nrf52840_xxaa/app_uart_fifo.c.o
 .text.app_uart_init
                0x0000000000000538       0xf4 _build/nrf52840_xxaa/app_uart_fifo.c.o
                0x0000000000000538                app_uart_init
 .text.app_uart_get
                0x000000000000062c       0x5c _build/nrf52840_xxaa/app_uart_fifo.c.o
                0x000000000000062c                app_uart_get
 .text.app_uart_put
                0x0000000000000688       0x74 _build/nrf52840_xxaa/app_uart_fifo.c.o
                0x0000000000000688                app_uart_put
 .text.app_util_critical_region_enter
                0x00000000000006fc       0x10 _build/nrf52840_xxaa/app_util_platform.c.o
                0x00000000000006fc                app_util_critical_region_enter
 .text.app_util_critical_region_exit
                0x000000000000070c       0x14 _build/nrf52840_xxaa/app_util_platform.c.o
                0x000000000000070c                app_util_critical_region_exit
 .text._write   0x0000000000000720       0x1c _build/nrf52840_xxaa/retarget.c.o
                0x0000000000000720                _write
 .text._read    0x000000000000073c       0x14 _build/nrf52840_xxaa/retarget.c.o
                0x000000000000073c                _read
 .text.uarte_evt_handler
                0x0000000000000750       0x34 _build/nrf52840_xxaa/nrf_drv_uart.c.o
 .text.uart_evt_handler
                0x0000000000000784       0x34 _build/nrf52840_xxaa/nrf_drv_uart.c.o
 .text.nrf_drv_uart_init
                0x00000000000007b8       0x88 _build/nrf52840_xxaa/nrf_drv_uart.c.o
                0x00000000000007b8                nrf_drv_uart_init
 .text.UARTE0_UART0_IRQHandler
                0x0000000000000840        0xc _build/nrf52840_xxaa/nrfx_prs.c.o
                0x0000000000000840                UARTE0_UART0_IRQHandler
 .text.nrfx_prs_acquire
                0x000000000000084c       0x3c _build/nrf52840_xxaa/nrfx_prs.c.o
                0x000000000000084c                nrfx_prs_acquire
 .text.nrfx_uart_0_irq_handler
                0x0000000000000888      0x1c0 _build/nrf52840_xxaa/nrfx_uart.c.o
                0x0000000000000888                nrfx_uart_0_irq_handler
 .text.nrfx_uart_init
                0x0000000000000a48      0x1e8 _build/nrf52840_xxaa/nrfx_uart.c.o
                0x0000000000000a48                nrfx_uart_init
 .text.nrfx_uart_tx
                0x0000000000000c30       0xcc _build/nrf52840_xxaa/nrfx_uart.c.o
                0x0000000000000c30                nrfx_uart_tx
 .text.nrfx_uart_tx_in_progress
                0x0000000000000cfc       0x18 _build/nrf52840_xxaa/nrfx_uart.c.o
                0x0000000000000cfc                nrfx_uart_tx_in_progress
 .text.nrfx_uart_rx
                0x0000000000000d14      0x14c _build/nrf52840_xxaa/nrfx_uart.c.o
                0x0000000000000d14                nrfx_uart_rx
 .text.nrfx_uarte_0_irq_handler
                0x0000000000000e60      0x154 _build/nrf52840_xxaa/nrfx_uarte.c.o
                0x0000000000000e60                nrfx_uarte_0_irq_handler
 .text.nrfx_uarte_init
                0x0000000000000fb4      0x234 _build/nrf52840_xxaa/nrfx_uarte.c.o
                0x0000000000000fb4                nrfx_uarte_init
 .text.nrfx_uarte_tx
                0x00000000000011e8       0xac _build/nrf52840_xxaa/nrfx_uarte.c.o
                0x00000000000011e8                nrfx_uarte_tx
 .text.nrfx_uarte_tx_in_progress
                0x0000000000001294       0x1c _build/nrf52840_xxaa/nrfx_uarte.c.o
                0x0000000000001294                nrfx_uarte_tx_in_progress
 .text.nrfx_uarte_rx
                0x00000000000012b0      0x12c _build/nrf52840_xxaa/nrfx_uarte.c.o
                0x00000000000012b0                nrfx_uarte_rx
 .text.uart_error_handle
                0x00000000000013dc       0x14 _build/nrf52840_xxaa/main.c.o
                0x00000000000013dc                uart_error_handle
 .text.startup.main
                0x00000000000013f0       0x88 _build/nrf52840_xxaa/main.c.o
                0x00000000000013f0                main
 .text.SystemInit
                0x0000000000001478      0x23c _build/nrf52840_xxaa/system_nrf52840.c.o
                0x0000000000001478                SystemInit
 .text.exit     0x00000000000016b4       0x28 /usr/local/Cellar/arm-gcc-bin/7-2018-q2-update/bin/../lib/gcc/arm-none-eabi/7.3.1/../../../../arm-none-eabi/lib/thumb/v7e-m/fpv4-sp/hard/libc_nano.a(lib_a-exit.o)
                0x00000000000016b4                exit
 .text.__libc_init_array
                0x00000000000016dc       0x48 /usr/local/Cellar/arm-gcc-bin/7-2018-q2-update/bin/../lib/gcc/arm-none-eabi/7.3.1/../../../../arm-none-eabi/lib/thumb/v7e-m/fpv4-sp/hard/libc_nano.a(lib_a-init.o)
                0x00000000000016dc                __libc_init_array
 .text.memset   0x0000000000001724       0x10 /usr/local/Cellar/arm-gcc-bin/7-2018-q2-update/bin/../lib/gcc/arm-none-eabi/7.3.1/../../../../arm-none-eabi/lib/thumb/v7e-m/fpv4-sp/hard/libc_nano.a(lib_a-memset.o)
                0x0000000000001724                memset
 .text.printf   0x0000000000001734       0x30 /usr/local/Cellar/arm-gcc-bin/7-2018-q2-update/bin/../lib/gcc/arm-none-eabi/7.3.1/../../../../arm-none-eabi/lib/thumb/v7e-m/fpv4-sp/hard/libc_nano.a(lib_a-printf.o)
                0x0000000000001734                printf
                0x0000000000001734                iprintf
 .text.std      0x0000000000001764       0x48 /usr/local/Cellar/arm-gcc-bin/7-2018-q2-update/bin/../lib/gcc/arm-none-eabi/7.3.1/../../../../arm-none-eabi/lib/thumb/v7e-m/fpv4-sp/hard/libc_nano.a(lib_a-findfp.o)
 .text._cleanup_r
                0x00000000000017ac        0xc /usr/local/Cellar/arm-gcc-bin/7-2018-q2-update/bin/../lib/gcc/arm-none-eabi/7.3.1/../../../../arm-none-eabi/lib/thumb/v7e-m/fpv4-sp/hard/libc_nano.a(lib_a-findfp.o)
                0x00000000000017ac                _cleanup_r
 .text.__sfmoreglue
                0x00000000000017b8       0x2c /usr/local/Cellar/arm-gcc-bin/7-2018-q2-update/bin/../lib/gcc/arm-none-eabi/7.3.1/../../../../arm-none-eabi/lib/thumb/v7e-m/fpv4-sp/hard/libc_nano.a(lib_a-findfp.o)
                0x00000000000017b8                __sfmoreglue
 .text.__sinit  0x00000000000017e4       0x60 /usr/local/Cellar/arm-gcc-bin/7-2018-q2-update/bin/../lib/gcc/arm-none-eabi/7.3.1/../../../../arm-none-eabi/lib/thumb/v7e-m/fpv4-sp/hard/libc_nano.a(lib_a-findfp.o)
                0x00000000000017e4                __sinit
 .text.__sfp    0x0000000000001844       0x78 /usr/local/Cellar/arm-gcc-bin/7-2018-q2-update/bin/../lib/gcc/arm-none-eabi/7.3.1/../../../../arm-none-eabi/lib/thumb/v7e-m/fpv4-sp/hard/libc_nano.a(lib_a-findfp.o)
                0x0000000000001844                __sfp
 .text._fwalk_reent
                0x00000000000018bc       0x3c /usr/local/Cellar/arm-gcc-bin/7-2018-q2-update/bin/../lib/gcc/arm-none-eabi/7.3.1/../../../../arm-none-eabi/lib/thumb/v7e-m/fpv4-sp/hard/libc_nano.a(lib_a-fwalk.o)
                0x00000000000018bc                _fwalk_reent
 .text._malloc_r
                0x00000000000018f8       0xb4 /usr/local/Cellar/arm-gcc-bin/7-2018-q2-update/bin/../lib/gcc/arm-none-eabi/7.3.1/../../../../arm-none-eabi/lib/thumb/v7e-m/fpv4-sp/hard/libc_nano.a(lib_a-nano-mallocr.o)
                0x00000000000018f8                _malloc_r
 .text.__sfputc_r
                0x00000000000019ac       0x2e /usr/local/Cellar/arm-gcc-bin/7-2018-q2-update/bin/../lib/gcc/arm-none-eabi/7.3.1/../../../../arm-none-eabi/lib/thumb/v7e-m/fpv4-sp/hard/libc_nano.a(lib_a-nano-vfprintf.o)
 .text.__sfputs_r
                0x00000000000019da       0x24 /usr/local/Cellar/arm-gcc-bin/7-2018-q2-update/bin/../lib/gcc/arm-none-eabi/7.3.1/../../../../arm-none-eabi/lib/thumb/v7e-m/fpv4-sp/hard/libc_nano.a(lib_a-nano-vfprintf.o)
                0x00000000000019da                __sfputs_r
 *fill*         0x00000000000019fe        0x2 
 .text._vfprintf_r
                0x0000000000001a00      0x22c /usr/local/Cellar/arm-gcc-bin/7-2018-q2-update/bin/../lib/gcc/arm-none-eabi/7.3.1/../../../../arm-none-eabi/lib/thumb/v7e-m/fpv4-sp/hard/libc_nano.a(lib_a-nano-vfprintf.o)
                0x0000000000001a00                _vfiprintf_r
                0x0000000000001a00                _vfprintf_r
 .text._printf_common
                0x0000000000001c2c       0xea /usr/local/Cellar/arm-gcc-bin/7-2018-q2-update/bin/../lib/gcc/arm-none-eabi/7.3.1/../../../../arm-none-eabi/lib/thumb/v7e-m/fpv4-sp/hard/libc_nano.a(lib_a-nano-vfprintf_i.o)
                0x0000000000001c2c                _printf_common
 *fill*         0x0000000000001d16        0x2 
 .text._printf_i
                0x0000000000001d18      0x224 /usr/local/Cellar/arm-gcc-bin/7-2018-q2-update/bin/../lib/gcc/arm-none-eabi/7.3.1/../../../../arm-none-eabi/lib/thumb/v7e-m/fpv4-sp/hard/libc_nano.a(lib_a-nano-vfprintf_i.o)
                0x0000000000001d18                _printf_i
 .text._sbrk_r  0x0000000000001f3c       0x20 /usr/local/Cellar/arm-gcc-bin/7-2018-q2-update/bin/../lib/gcc/arm-none-eabi/7.3.1/../../../../arm-none-eabi/lib/thumb/v7e-m/fpv4-sp/hard/libc_nano.a(lib_a-sbrkr.o)
                0x0000000000001f3c                _sbrk_r
 .text.__sread  0x0000000000001f5c       0x22 /usr/local/Cellar/arm-gcc-bin/7-2018-q2-update/bin/../lib/gcc/arm-none-eabi/7.3.1/../../../../arm-none-eabi/lib/thumb/v7e-m/fpv4-sp/hard/libc_nano.a(lib_a-stdio.o)
                0x0000000000001f5c                __sread
 .text.__swrite
                0x0000000000001f7e       0x38 /usr/local/Cellar/arm-gcc-bin/7-2018-q2-update/bin/../lib/gcc/arm-none-eabi/7.3.1/../../../../arm-none-eabi/lib/thumb/v7e-m/fpv4-sp/hard/libc_nano.a(lib_a-stdio.o)
                0x0000000000001f7e                __swrite
 .text.__sseek  0x0000000000001fb6       0x24 /usr/local/Cellar/arm-gcc-bin/7-2018-q2-update/bin/../lib/gcc/arm-none-eabi/7.3.1/../../../../arm-none-eabi/lib/thumb/v7e-m/fpv4-sp/hard/libc_nano.a(lib_a-stdio.o)
                0x0000000000001fb6                __sseek
 .text.__sclose
                0x0000000000001fda        0x8 /usr/local/Cellar/arm-gcc-bin/7-2018-q2-update/bin/../lib/gcc/arm-none-eabi/7.3.1/../../../../arm-none-eabi/lib/thumb/v7e-m/fpv4-sp/hard/libc_nano.a(lib_a-stdio.o)
                0x0000000000001fda                __sclose
 *fill*         0x0000000000001fe2        0x2 
 .text.__swbuf_r
                0x0000000000001fe4       0xa4 /usr/local/Cellar/arm-gcc-bin/7-2018-q2-update/bin/../lib/gcc/arm-none-eabi/7.3.1/../../../../arm-none-eabi/lib/thumb/v7e-m/fpv4-sp/hard/libc_nano.a(lib_a-wbuf.o)
                0x0000000000001fe4                __swbuf_r
 .text._write_r
                0x0000000000002088       0x24 /usr/local/Cellar/arm-gcc-bin/7-2018-q2-update/bin/../lib/gcc/arm-none-eabi/7.3.1/../../../../arm-none-eabi/lib/thumb/v7e-m/fpv4-sp/hard/libc_nano.a(lib_a-writer.o)
                0x0000000000002088                _write_r
 .text.__swsetup_r
                0x00000000000020ac       0xdc /usr/local/Cellar/arm-gcc-bin/7-2018-q2-update/bin/../lib/gcc/arm-none-eabi/7.3.1/../../../../arm-none-eabi/lib/thumb/v7e-m/fpv4-sp/hard/libc_nano.a(lib_a-wsetup.o)
                0x00000000000020ac                __swsetup_r
 .text._close_r
                0x0000000000002188       0x20 /usr/local/Cellar/arm-gcc-bin/7-2018-q2-update/bin/../lib/gcc/arm-none-eabi/7.3.1/../../../../arm-none-eabi/lib/thumb/v7e-m/fpv4-sp/hard/libc_nano.a(lib_a-closer.o)
                0x0000000000002188                _close_r
 .text.__sflush_r
                0x00000000000021a8      0x10c /usr/local/Cellar/arm-gcc-bin/7-2018-q2-update/bin/../lib/gcc/arm-none-eabi/7.3.1/../../../../arm-none-eabi/lib/thumb/v7e-m/fpv4-sp/hard/libc_nano.a(lib_a-fflush.o)
                0x00000000000021a8                __sflush_r
 .text._fflush_r
                0x00000000000022b4       0x54 /usr/local/Cellar/arm-gcc-bin/7-2018-q2-update/bin/../lib/gcc/arm-none-eabi/7.3.1/../../../../arm-none-eabi/lib/thumb/v7e-m/fpv4-sp/hard/libc_nano.a(lib_a-fflush.o)
                0x00000000000022b4                _fflush_r
 .text._lseek_r
                0x0000000000002308       0x24 /usr/local/Cellar/arm-gcc-bin/7-2018-q2-update/bin/../lib/gcc/arm-none-eabi/7.3.1/../../../../arm-none-eabi/lib/thumb/v7e-m/fpv4-sp/hard/libc_nano.a(lib_a-lseekr.o)
                0x0000000000002308                _lseek_r
 .text.__swhatbuf_r
                0x000000000000232c       0x48 /usr/local/Cellar/arm-gcc-bin/7-2018-q2-update/bin/../lib/gcc/arm-none-eabi/7.3.1/../../../../arm-none-eabi/lib/thumb/v7e-m/fpv4-sp/hard/libc_nano.a(lib_a-makebuf.o)
                0x000000000000232c                __swhatbuf_r
 .text.__smakebuf_r
                0x0000000000002374       0x80 /usr/local/Cellar/arm-gcc-bin/7-2018-q2-update/bin/../lib/gcc/arm-none-eabi/7.3.1/../../../../arm-none-eabi/lib/thumb/v7e-m/fpv4-sp/hard/libc_nano.a(lib_a-makebuf.o)
                0x0000000000002374                __smakebuf_r
 *fill*         0x00000000000023f4        0xc 
 .text          0x0000000000002400       0xa0 /usr/local/Cellar/arm-gcc-bin/7-2018-q2-update/bin/../lib/gcc/arm-none-eabi/7.3.1/../../../../arm-none-eabi/lib/thumb/v7e-m/fpv4-sp/hard/libc_nano.a(lib_a-memchr.o)
                0x0000000000002400                memchr
 .text.__malloc_lock
                0x00000000000024a0        0x2 /usr/local/Cellar/arm-gcc-bin/7-2018-q2-update/bin/../lib/gcc/arm-none-eabi/7.3.1/../../../../arm-none-eabi/lib/thumb/v7e-m/fpv4-sp/hard/libc_nano.a(lib_a-mlock.o)
                0x00000000000024a0                __malloc_lock
 .text.__malloc_unlock
                0x00000000000024a2        0x2 /usr/local/Cellar/arm-gcc-bin/7-2018-q2-update/bin/../lib/gcc/arm-none-eabi/7.3.1/../../../../arm-none-eabi/lib/thumb/v7e-m/fpv4-sp/hard/libc_nano.a(lib_a-mlock.o)
                0x00000000000024a2                __malloc_unlock
 .text._free_r  0x00000000000024a4       0x9c /usr/local/Cellar/arm-gcc-bin/7-2018-q2-update/bin/../lib/gcc/arm-none-eabi/7.3.1/../../../../arm-none-eabi/lib/thumb/v7e-m/fpv4-sp/hard/libc_nano.a(lib_a-nano-freer.o)
                0x00000000000024a4                _free_r
 .text._read_r  0x0000000000002540       0x24 /usr/local/Cellar/arm-gcc-bin/7-2018-q2-update/bin/../lib/gcc/arm-none-eabi/7.3.1/../../../../arm-none-eabi/lib/thumb/v7e-m/fpv4-sp/hard/libc_nano.a(lib_a-readr.o)
                0x0000000000002540                _read_r
 .text._fstat_r
                0x0000000000002564       0x24 /usr/local/Cellar/arm-gcc-bin/7-2018-q2-update/bin/../lib/gcc/arm-none-eabi/7.3.1/../../../../arm-none-eabi/lib/thumb/v7e-m/fpv4-sp/hard/libc_nano.a(lib_a-fstatr.o)
                0x0000000000002564                _fstat_r
 .text._isatty_r
                0x0000000000002588       0x20 /usr/local/Cellar/arm-gcc-bin/7-2018-q2-update/bin/../lib/gcc/arm-none-eabi/7.3.1/../../../../arm-none-eabi/lib/thumb/v7e-m/fpv4-sp/hard/libc_nano.a(lib_a-isattyr.o)
                0x0000000000002588                _isatty_r
 .text._close   0x00000000000025a8       0x10 /usr/local/Cellar/arm-gcc-bin/7-2018-q2-update/bin/../lib/gcc/arm-none-eabi/7.3.1/../../../../arm-none-eabi/lib/thumb/v7e-m/fpv4-sp/hard/libnosys.a(close.o)
                0x00000000000025a8                _close
 .text._fstat   0x00000000000025b8       0x10 /usr/local/Cellar/arm-gcc-bin/7-2018-q2-update/bin/../lib/gcc/arm-none-eabi/7.3.1/../../../../arm-none-eabi/lib/thumb/v7e-m/fpv4-sp/hard/libnosys.a(fstat.o)
                0x00000000000025b8                _fstat
 .text._isatty  0x00000000000025c8       0x10 /usr/local/Cellar/arm-gcc-bin/7-2018-q2-update/bin/../lib/gcc/arm-none-eabi/7.3.1/../../../../arm-none-eabi/lib/thumb/v7e-m/fpv4-sp/hard/libnosys.a(isatty.o)
                0x00000000000025c8                _isatty
 .text._lseek   0x00000000000025d8       0x10 /usr/local/Cellar/arm-gcc-bin/7-2018-q2-update/bin/../lib/gcc/arm-none-eabi/7.3.1/../../../../arm-none-eabi/lib/thumb/v7e-m/fpv4-sp/hard/libnosys.a(lseek.o)
                0x00000000000025d8                _lseek
 .text._sbrk    0x00000000000025e8       0x1c /usr/local/Cellar/arm-gcc-bin/7-2018-q2-update/bin/../lib/gcc/arm-none-eabi/7.3.1/../../../../arm-none-eabi/lib/thumb/v7e-m/fpv4-sp/hard/libnosys.a(sbrk.o)
                0x00000000000025e8                _sbrk
 .text._exit    0x0000000000002604        0x4 /usr/local/Cellar/arm-gcc-bin/7-2018-q2-update/bin/../lib/gcc/arm-none-eabi/7.3.1/../../../../arm-none-eabi/lib/thumb/v7e-m/fpv4-sp/hard/libnosys.a(_exit.o)
                0x0000000000002604                _exit
 *(.init)
 .init          0x0000000000002608        0x4 /usr/local/Cellar/arm-gcc-bin/7-2018-q2-update/bin/../lib/gcc/arm-none-eabi/7.3.1/thumb/v7e-m/fpv4-sp/hard/crti.o
                0x0000000000002608                _init
 .init          0x000000000000260c        0x8 /usr/local/Cellar/arm-gcc-bin/7-2018-q2-update/bin/../lib/gcc/arm-none-eabi/7.3.1/thumb/v7e-m/fpv4-sp/hard/crtn.o
 *(.fini)
 .fini          0x0000000000002614        0x4 /usr/local/Cellar/arm-gcc-bin/7-2018-q2-update/bin/../lib/gcc/arm-none-eabi/7.3.1/thumb/v7e-m/fpv4-sp/hard/crti.o
                0x0000000000002614                _fini
 .fini          0x0000000000002618        0x8 /usr/local/Cellar/arm-gcc-bin/7-2018-q2-update/bin/../lib/gcc/arm-none-eabi/7.3.1/thumb/v7e-m/fpv4-sp/hard/crtn.o
 *crtbegin.o(.ctors)
 *crtbegin?.o(.ctors)
 *(EXCLUDE_FILE(*crtend.o *crtend?.o) .ctors)
 *(SORT_BY_NAME(.ctors.*))
 *(.ctors)
 *crtbegin.o(.dtors)
 *crtbegin?.o(.dtors)
 *(EXCLUDE_FILE(*crtend.o *crtend?.o) .dtors)
 *(SORT_BY_NAME(.dtors.*))
 *(.dtors)
 *(.rodata*)
 .rodata        0x0000000000002620       0x20 _build/nrf52840_xxaa/app_uart_fifo.c.o
 .rodata        0x0000000000002640       0x18 _build/nrf52840_xxaa/main.c.o
 .rodata.main.str1.4
                0x0000000000002658       0x28 _build/nrf52840_xxaa/main.c.o
                                         0x27 (size before relaxing)
 .rodata._global_impure_ptr
                0x0000000000002680        0x4 /usr/local/Cellar/arm-gcc-bin/7-2018-q2-update/bin/../lib/gcc/arm-none-eabi/7.3.1/../../../../arm-none-eabi/lib/thumb/v7e-m/fpv4-sp/hard/libc_nano.a(lib_a-impure.o)
                0x0000000000002680                _global_impure_ptr
 .rodata.__sf_fake_stderr
                0x0000000000002684       0x20 /usr/local/Cellar/arm-gcc-bin/7-2018-q2-update/bin/../lib/gcc/arm-none-eabi/7.3.1/../../../../arm-none-eabi/lib/thumb/v7e-m/fpv4-sp/hard/libc_nano.a(lib_a-findfp.o)
                0x0000000000002684                __sf_fake_stderr
 .rodata.__sf_fake_stdin
                0x00000000000026a4       0x20 /usr/local/Cellar/arm-gcc-bin/7-2018-q2-update/bin/../lib/gcc/arm-none-eabi/7.3.1/../../../../arm-none-eabi/lib/thumb/v7e-m/fpv4-sp/hard/libc_nano.a(lib_a-findfp.o)
                0x00000000000026a4                __sf_fake_stdin
 .rodata.__sf_fake_stdout
                0x00000000000026c4       0x20 /usr/local/Cellar/arm-gcc-bin/7-2018-q2-update/bin/../lib/gcc/arm-none-eabi/7.3.1/../../../../arm-none-eabi/lib/thumb/v7e-m/fpv4-sp/hard/libc_nano.a(lib_a-findfp.o)
                0x00000000000026c4                __sf_fake_stdout
 .rodata._vfprintf_r.str1.1
                0x00000000000026e4       0x11 /usr/local/Cellar/arm-gcc-bin/7-2018-q2-update/bin/../lib/gcc/arm-none-eabi/7.3.1/../../../../arm-none-eabi/lib/thumb/v7e-m/fpv4-sp/hard/libc_nano.a(lib_a-nano-vfprintf.o)
 .rodata._printf_i.str1.1
                0x00000000000026f5       0x22 /usr/local/Cellar/arm-gcc-bin/7-2018-q2-update/bin/../lib/gcc/arm-none-eabi/7.3.1/../../../../arm-none-eabi/lib/thumb/v7e-m/fpv4-sp/hard/libc_nano.a(lib_a-nano-vfprintf_i.o)
 *(.eh_frame*)
 *fill*         0x0000000000002717        0x1 
 .eh_frame      0x0000000000002718        0x0 /usr/local/Cellar/arm-gcc-bin/7-2018-q2-update/bin/../lib/gcc/arm-none-eabi/7.3.1/thumb/v7e-m/fpv4-sp/hard/crtbegin.o
 .eh_frame      0x0000000000002718        0x4 /usr/local/Cellar/arm-gcc-bin/7-2018-q2-update/bin/../lib/gcc/arm-none-eabi/7.3.1/thumb/v7e-m/fpv4-sp/hard/crtend.o

.glue_7         0x000000000000271c        0x0
 .glue_7        0x000000000000271c        0x0 linker stubs

.glue_7t        0x000000000000271c        0x0
 .glue_7t       0x000000000000271c        0x0 linker stubs

.vfp11_veneer   0x000000000000271c        0x0
 .vfp11_veneer  0x000000000000271c        0x0 linker stubs

.v4_bx          0x000000000000271c        0x0
 .v4_bx         0x000000000000271c        0x0 linker stubs

.iplt           0x000000000000271c        0x0
 .iplt          0x000000000000271c        0x0 /usr/local/Cellar/arm-gcc-bin/7-2018-q2-update/bin/../lib/gcc/arm-none-eabi/7.3.1/thumb/v7e-m/fpv4-sp/hard/crtbegin.o

.mem_section_dummy_rom

.log_const_data
                0x000000000000271c        0x0
                [!provide]                        PROVIDE (__start_log_const_data = .)
 *(SORT_BY_NAME(.log_const_data*))
                [!provide]                        PROVIDE (__stop_log_const_data = .)

.log_backends   0x000000000000271c        0x0
                [!provide]                        PROVIDE (__start_log_backends = .)
 *(SORT_BY_NAME(.log_backends*))
                [!provide]                        PROVIDE (__stop_log_backends = .)

.nrf_balloc     0x000000000000271c        0x0
                [!provide]                        PROVIDE (__start_nrf_balloc = .)
 *(.nrf_balloc)
                [!provide]                        PROVIDE (__stop_nrf_balloc = .)

.ARM.extab
 *(.ARM.extab* .gnu.linkonce.armextab.*)
                0x000000000000271c                __exidx_start = .

.ARM.exidx      0x000000000000271c        0x8
 *(.ARM.exidx* .gnu.linkonce.armexidx.*)
 .ARM.exidx     0x000000000000271c        0x8 /usr/local/Cellar/arm-gcc-bin/7-2018-q2-update/bin/../lib/gcc/arm-none-eabi/7.3.1/../../../../arm-none-eabi/lib/thumb/v7e-m/fpv4-sp/hard/crt0.o
                0x0000000000002724                __exidx_end = .
                0x0000000000002724                __etext = .

.rel.dyn        0x0000000000002724        0x0
 .rel.iplt      0x0000000000002724        0x0 /usr/local/Cellar/arm-gcc-bin/7-2018-q2-update/bin/../lib/gcc/arm-none-eabi/7.3.1/thumb/v7e-m/fpv4-sp/hard/crtbegin.o

.data           0x0000000020000000       0x84 load address 0x0000000000002724
                0x0000000020000000                __data_start__ = .
 *(vtable)
 *(.data*)
 .data.app_uart_inst
                0x0000000020000000       0x14 _build/nrf52840_xxaa/app_uart_fifo.c.o
 .data.SystemCoreClock
                0x0000000020000014        0x4 _build/nrf52840_xxaa/system_nrf52840.c.o
                0x0000000020000014                SystemCoreClock
 .data._impure_ptr
                0x0000000020000018        0x4 /usr/local/Cellar/arm-gcc-bin/7-2018-q2-update/bin/../lib/gcc/arm-none-eabi/7.3.1/../../../../arm-none-eabi/lib/thumb/v7e-m/fpv4-sp/hard/libc_nano.a(lib_a-impure.o)
                0x0000000020000018                _impure_ptr
 .data.impure_data
                0x000000002000001c       0x60 /usr/local/Cellar/arm-gcc-bin/7-2018-q2-update/bin/../lib/gcc/arm-none-eabi/7.3.1/../../../../arm-none-eabi/lib/thumb/v7e-m/fpv4-sp/hard/libc_nano.a(lib_a-impure.o)
                0x000000002000007c                . = ALIGN (0x4)
                0x000000002000007c                PROVIDE (__preinit_array_start = .)
 *(.preinit_array)
                0x000000002000007c                PROVIDE (__preinit_array_end = .)
                0x000000002000007c                . = ALIGN (0x4)
                0x000000002000007c                PROVIDE (__init_array_start = .)
 *(SORT_BY_NAME(.init_array.*))
 *(.init_array)
 .init_array    0x000000002000007c        0x4 /usr/local/Cellar/arm-gcc-bin/7-2018-q2-update/bin/../lib/gcc/arm-none-eabi/7.3.1/thumb/v7e-m/fpv4-sp/hard/crtbegin.o
                0x0000000020000080                PROVIDE (__init_array_end = .)
                0x0000000020000080                . = ALIGN (0x4)
                [!provide]                        PROVIDE (__fini_array_start = .)
 *(SORT_BY_NAME(.fini_array.*))
 *(.fini_array)
 .fini_array    0x0000000020000080        0x4 /usr/local/Cellar/arm-gcc-bin/7-2018-q2-update/bin/../lib/gcc/arm-none-eabi/7.3.1/thumb/v7e-m/fpv4-sp/hard/crtbegin.o
                [!provide]                        PROVIDE (__fini_array_end = .)
 *(.jcr*)
                0x0000000020000084                . = ALIGN (0x4)
                0x0000000020000084                __data_end__ = .
LOAD /usr/local/Cellar/arm-gcc-bin/7-2018-q2-update/bin/../lib/gcc/arm-none-eabi/7.3.1/thumb/v7e-m/fpv4-sp/hard/crti.o
LOAD /usr/local/Cellar/arm-gcc-bin/7-2018-q2-update/bin/../lib/gcc/arm-none-eabi/7.3.1/thumb/v7e-m/fpv4-sp/hard/crtbegin.o
LOAD /usr/local/Cellar/arm-gcc-bin/7-2018-q2-update/bin/../lib/gcc/arm-none-eabi/7.3.1/../../../../arm-none-eabi/lib/thumb/v7e-m/fpv4-sp/hard/crt0.o
LOAD _build/nrf52840_xxaa/gcc_startup_nrf52840.S.o
LOAD _build/nrf52840_xxaa/nrf_log_frontend.c.o
LOAD _build/nrf52840_xxaa/nrf_log_str_formatter.c.o
LOAD _build/nrf52840_xxaa/boards.c.o
LOAD _build/nrf52840_xxaa/app_error.c.o
LOAD _build/nrf52840_xxaa/app_error_handler_gcc.c.o
LOAD _build/nrf52840_xxaa/app_error_weak.c.o
LOAD _build/nrf52840_xxaa/app_fifo.c.o
LOAD _build/nrf52840_xxaa/app_uart_fifo.c.o
LOAD _build/nrf52840_xxaa/app_util_platform.c.o
LOAD _build/nrf52840_xxaa/nrf_assert.c.o
LOAD _build/nrf52840_xxaa/nrf_atomic.c.o
LOAD _build/nrf52840_xxaa/nrf_balloc.c.o
LOAD _build/nrf52840_xxaa/nrf_fprintf.c.o
LOAD _build/nrf52840_xxaa/nrf_fprintf_format.c.o
LOAD _build/nrf52840_xxaa/nrf_memobj.c.o
LOAD _build/nrf52840_xxaa/nrf_ringbuf.c.o
LOAD _build/nrf52840_xxaa/nrf_strerror.c.o
LOAD _build/nrf52840_xxaa/retarget.c.o
LOAD _build/nrf52840_xxaa/nrf_drv_uart.c.o
LOAD _build/nrf52840_xxaa/nrfx_atomic.c.o
LOAD _build/nrf52840_xxaa/nrfx_prs.c.o
LOAD _build/nrf52840_xxaa/nrfx_uart.c.o
LOAD _build/nrf52840_xxaa/nrfx_uarte.c.o
LOAD _build/nrf52840_xxaa/main.c.o
LOAD _build/nrf52840_xxaa/system_nrf52840.c.o
LOAD /usr/local/Cellar/arm-gcc-bin/7-2018-q2-update/bin/../lib/gcc/arm-none-eabi/7.3.1/../../../../arm-none-eabi/lib/thumb/v7e-m/fpv4-sp/hard/libc_nano.a
LOAD /usr/local/Cellar/arm-gcc-bin/7-2018-q2-update/bin/../lib/gcc/arm-none-eabi/7.3.1/../../../../arm-none-eabi/lib/thumb/v7e-m/fpv4-sp/hard/libnosys.a
LOAD /usr/local/Cellar/arm-gcc-bin/7-2018-q2-update/bin/../lib/gcc/arm-none-eabi/7.3.1/../../../../arm-none-eabi/lib/thumb/v7e-m/fpv4-sp/hard/libm.a
START GROUP
LOAD /usr/local/Cellar/arm-gcc-bin/7-2018-q2-update/bin/../lib/gcc/arm-none-eabi/7.3.1/thumb/v7e-m/fpv4-sp/hard/libgcc.a
LOAD /usr/local/Cellar/arm-gcc-bin/7-2018-q2-update/bin/../lib/gcc/arm-none-eabi/7.3.1/../../../../arm-none-eabi/lib/thumb/v7e-m/fpv4-sp/hard/libg_nano.a
LOAD /usr/local/Cellar/arm-gcc-bin/7-2018-q2-update/bin/../lib/gcc/arm-none-eabi/7.3.1/../../../../arm-none-eabi/lib/thumb/v7e-m/fpv4-sp/hard/libc_nano.a
END GROUP
START GROUP
LOAD /usr/local/Cellar/arm-gcc-bin/7-2018-q2-update/bin/../lib/gcc/arm-none-eabi/7.3.1/thumb/v7e-m/fpv4-sp/hard/libgcc.a
LOAD /usr/local/Cellar/arm-gcc-bin/7-2018-q2-update/bin/../lib/gcc/arm-none-eabi/7.3.1/../../../../arm-none-eabi/lib/thumb/v7e-m/fpv4-sp/hard/libc_nano.a
END GROUP
LOAD /usr/local/Cellar/arm-gcc-bin/7-2018-q2-update/bin/../lib/gcc/arm-none-eabi/7.3.1/thumb/v7e-m/fpv4-sp/hard/crtend.o
LOAD /usr/local/Cellar/arm-gcc-bin/7-2018-q2-update/bin/../lib/gcc/arm-none-eabi/7.3.1/thumb/v7e-m/fpv4-sp/hard/crtn.o
START GROUP
LOAD /usr/local/Cellar/arm-gcc-bin/7-2018-q2-update/bin/../lib/gcc/arm-none-eabi/7.3.1/thumb/v7e-m/fpv4-sp/hard/libgcc.a
LOAD /usr/local/Cellar/arm-gcc-bin/7-2018-q2-update/bin/../lib/gcc/arm-none-eabi/7.3.1/../../../../arm-none-eabi/lib/thumb/v7e-m/fpv4-sp/hard/libc.a
LOAD /usr/local/Cellar/arm-gcc-bin/7-2018-q2-update/bin/../lib/gcc/arm-none-eabi/7.3.1/../../../../arm-none-eabi/lib/thumb/v7e-m/fpv4-sp/hard/libnosys.a
END GROUP

.igot.plt       0x0000000020000084        0x0 load address 0x00000000000027a8
 .igot.plt      0x0000000020000084        0x0 /usr/local/Cellar/arm-gcc-bin/7-2018-q2-update/bin/../lib/gcc/arm-none-eabi/7.3.1/thumb/v7e-m/fpv4-sp/hard/crtbegin.o
                0x0000000020000084                . = ALIGN (0x4)

.mem_section_dummy_ram

.log_dynamic_data
                0x0000000020000084        0x0
                [!provide]                        PROVIDE (__start_log_dynamic_data = .)
 *(SORT_BY_NAME(.log_dynamic_data*))
                [!provide]                        PROVIDE (__stop_log_dynamic_data = .)

.log_filter_data
                0x0000000020000084        0x0
                [!provide]                        PROVIDE (__start_log_filter_data = .)
 *(SORT_BY_NAME(.log_filter_data*))
                [!provide]                        PROVIDE (__stop_log_filter_data = .)

.bss            0x0000000020000084      0x2cc load address 0x00000000000027a8
                0x0000000020000084                . = ALIGN (0x4)
                0x0000000020000084                __bss_start__ = .
 *(.bss*)
 .bss           0x0000000020000084       0x1c /usr/local/Cellar/arm-gcc-bin/7-2018-q2-update/bin/../lib/gcc/arm-none-eabi/7.3.1/thumb/v7e-m/fpv4-sp/hard/crtbegin.o
 .bss.m_event_handler
                0x00000000200000a0        0x4 _build/nrf52840_xxaa/app_uart_fifo.c.o
 .bss.m_rx_fifo
                0x00000000200000a4       0x10 _build/nrf52840_xxaa/app_uart_fifo.c.o
 .bss.m_rx_ovf  0x00000000200000b4        0x1 _build/nrf52840_xxaa/app_uart_fifo.c.o
 *fill*         0x00000000200000b5        0x3 
 .bss.m_tx_fifo
                0x00000000200000b8       0x10 _build/nrf52840_xxaa/app_uart_fifo.c.o
 .bss.rx_buffer
                0x00000000200000c8        0x1 _build/nrf52840_xxaa/app_uart_fifo.c.o
 *fill*         0x00000000200000c9        0x3 
 .bss.tx_buffer
                0x00000000200000cc        0x1 _build/nrf52840_xxaa/app_uart_fifo.c.o
 *fill*         0x00000000200000cd        0x3 
 .bss.m_in_critical_region
                0x00000000200000d0        0x4 _build/nrf52840_xxaa/app_util_platform.c.o
 .bss.m_contexts
                0x00000000200000d4        0x8 _build/nrf52840_xxaa/nrf_drv_uart.c.o
 .bss.m_handlers
                0x00000000200000dc        0x8 _build/nrf52840_xxaa/nrf_drv_uart.c.o
 .bss.m_prs_box_4
                0x00000000200000e4        0x8 _build/nrf52840_xxaa/nrfx_prs.c.o
 .bss.m_cb      0x00000000200000ec       0x2c _build/nrf52840_xxaa/nrfx_uart.c.o
 .bss.m_cb      0x0000000020000118       0x24 _build/nrf52840_xxaa/nrfx_uarte.c.o
 .bss.rx_buf.9253
                0x000000002000013c      0x100 _build/nrf52840_xxaa/main.c.o
 .bss.tx_buf.9254
                0x000000002000023c      0x100 _build/nrf52840_xxaa/main.c.o
 .bss.__malloc_free_list
                0x000000002000033c        0x4 /usr/local/Cellar/arm-gcc-bin/7-2018-q2-update/bin/../lib/gcc/arm-none-eabi/7.3.1/../../../../arm-none-eabi/lib/thumb/v7e-m/fpv4-sp/hard/libc_nano.a(lib_a-nano-mallocr.o)
                0x000000002000033c                __malloc_free_list
 .bss.__malloc_sbrk_start
                0x0000000020000340        0x4 /usr/local/Cellar/arm-gcc-bin/7-2018-q2-update/bin/../lib/gcc/arm-none-eabi/7.3.1/../../../../arm-none-eabi/lib/thumb/v7e-m/fpv4-sp/hard/libc_nano.a(lib_a-nano-mallocr.o)
                0x0000000020000340                __malloc_sbrk_start
 .bss.heap_end.5377
                0x0000000020000344        0x4 /usr/local/Cellar/arm-gcc-bin/7-2018-q2-update/bin/../lib/gcc/arm-none-eabi/7.3.1/../../../../arm-none-eabi/lib/thumb/v7e-m/fpv4-sp/hard/libnosys.a(sbrk.o)
 *(COMMON)
 COMMON         0x0000000020000348        0x2 _build/nrf52840_xxaa/nrf_drv_uart.c.o
                0x0000000020000348                nrf_drv_uart_use_easy_dma
 *fill*         0x000000002000034a        0x2 
 COMMON         0x000000002000034c        0x4 /usr/local/Cellar/arm-gcc-bin/7-2018-q2-update/bin/../lib/gcc/arm-none-eabi/7.3.1/../../../../arm-none-eabi/lib/thumb/v7e-m/fpv4-sp/hard/libc_nano.a(lib_a-reent.o)
                0x000000002000034c                errno
                0x0000000020000350                . = ALIGN (0x4)
                0x0000000020000350                __bss_end__ = .

.heap           0x0000000020000350     0x2000
                0x0000000020000350                __HeapBase = .
                0x0000000020000350                __end__ = .
                0x0000000020000350                PROVIDE (end = .)
 *(.heap*)
 .heap          0x0000000020000350     0x2000 _build/nrf52840_xxaa/gcc_startup_nrf52840.S.o
                0x0000000020002350                __HeapLimit = .

.stack_dummy    0x0000000020000350     0x2000
 *(.stack*)
 .stack         0x0000000020000350     0x2000 _build/nrf52840_xxaa/gcc_startup_nrf52840.S.o
                0x0000000020040000                __StackTop = (ORIGIN (RAM) + LENGTH (RAM))
                0x000000002003e000                __StackLimit = (__StackTop - SIZEOF (.stack_dummy))
                0x0000000020040000                PROVIDE (__stack = __StackTop)
                0x0000000000000001                ASSERT ((__StackLimit >= __HeapLimit), region RAM overflowed with stack)
                0x0000000000000084                DataInitFlashUsed = (__bss_start__ - __data_start__)
                0x0000000000002724                CodeFlashUsed = (__etext - ORIGIN (FLASH))
                0x00000000000027a8                TotalFlashUsed = (CodeFlashUsed + DataInitFlashUsed)
                0x0000000000000001                ASSERT ((TotalFlashUsed <= LENGTH (FLASH)), region FLASH overflowed with .data and user data)
OUTPUT(_build/nrf52840_xxaa.out elf32-littlearm)

.ARM.attributes
                0x0000000000000000       0x30
 .ARM.attributes
                0x0000000000000000       0x22 /usr/local/Cellar/arm-gcc-bin/7-2018-q2-update/bin/../lib/gcc/arm-none-eabi/7.3.1/thumb/v7e-m/fpv4-sp/hard/crti.o
 .ARM.attributes
                0x0000000000000022       0x34 /usr/local/Cellar/arm-gcc-bin/7-2018-q2-update/bin/../lib/gcc/arm-none-eabi/7.3.1/thumb/v7e-m/fpv4-sp/hard/crtbegin.o
 .ARM.attributes
                0x0000000000000056       0x20 /usr/local/Cellar/arm-gcc-bin/7-2018-q2-update/bin/../lib/gcc/arm-none-eabi/7.3.1/../../../../arm-none-eabi/lib/thumb/v7e-m/fpv4-sp/hard/crt0.o
 .ARM.attributes
                0x0000000000000076       0x20 _build/nrf52840_xxaa/gcc_startup_nrf52840.S.o
 .ARM.attributes
                0x0000000000000096       0x39 _build/nrf52840_xxaa/boards.c.o
 .ARM.attributes
                0x00000000000000cf       0x39 _build/nrf52840_xxaa/app_error.c.o
 .ARM.attributes
                0x0000000000000108       0x39 _build/nrf52840_xxaa/app_error_weak.c.o
 .ARM.attributes
                0x0000000000000141       0x39 _build/nrf52840_xxaa/app_fifo.c.o
 .ARM.attributes
                0x000000000000017a       0x39 _build/nrf52840_xxaa/app_uart_fifo.c.o
 .ARM.attributes
                0x00000000000001b3       0x39 _build/nrf52840_xxaa/app_util_platform.c.o
 .ARM.attributes
                0x00000000000001ec       0x39 _build/nrf52840_xxaa/retarget.c.o
 .ARM.attributes
                0x0000000000000225       0x39 _build/nrf52840_xxaa/nrf_drv_uart.c.o
 .ARM.attributes
                0x000000000000025e       0x39 _build/nrf52840_xxaa/nrfx_prs.c.o
 .ARM.attributes
                0x0000000000000297       0x39 _build/nrf52840_xxaa/nrfx_uart.c.o
 .ARM.attributes
                0x00000000000002d0       0x39 _build/nrf52840_xxaa/nrfx_uarte.c.o
 .ARM.attributes
                0x0000000000000309       0x39 _build/nrf52840_xxaa/main.c.o
 .ARM.attributes
                0x0000000000000342       0x39 _build/nrf52840_xxaa/system_nrf52840.c.o
 .ARM.attributes
                0x000000000000037b       0x34 /usr/local/Cellar/arm-gcc-bin/7-2018-q2-update/bin/../lib/gcc/arm-none-eabi/7.3.1/../../../../arm-none-eabi/lib/thumb/v7e-m/fpv4-sp/hard/libc_nano.a(lib_a-exit.o)
 .ARM.attributes
                0x00000000000003af       0x34 /usr/local/Cellar/arm-gcc-bin/7-2018-q2-update/bin/../lib/gcc/arm-none-eabi/7.3.1/../../../../arm-none-eabi/lib/thumb/v7e-m/fpv4-sp/hard/libc_nano.a(lib_a-impure.o)
 .ARM.attributes
                0x00000000000003e3       0x34 /usr/local/Cellar/arm-gcc-bin/7-2018-q2-update/bin/../lib/gcc/arm-none-eabi/7.3.1/../../../../arm-none-eabi/lib/thumb/v7e-m/fpv4-sp/hard/libc_nano.a(lib_a-init.o)
 .ARM.attributes
                0x0000000000000417       0x34 /usr/local/Cellar/arm-gcc-bin/7-2018-q2-update/bin/../lib/gcc/arm-none-eabi/7.3.1/../../../../arm-none-eabi/lib/thumb/v7e-m/fpv4-sp/hard/libc_nano.a(lib_a-memset.o)
 .ARM.attributes
                0x000000000000044b       0x34 /usr/local/Cellar/arm-gcc-bin/7-2018-q2-update/bin/../lib/gcc/arm-none-eabi/7.3.1/../../../../arm-none-eabi/lib/thumb/v7e-m/fpv4-sp/hard/libc_nano.a(lib_a-printf.o)
 .ARM.attributes
                0x000000000000047f       0x34 /usr/local/Cellar/arm-gcc-bin/7-2018-q2-update/bin/../lib/gcc/arm-none-eabi/7.3.1/../../../../arm-none-eabi/lib/thumb/v7e-m/fpv4-sp/hard/libc_nano.a(lib_a-findfp.o)
 .ARM.attributes
                0x00000000000004b3       0x34 /usr/local/Cellar/arm-gcc-bin/7-2018-q2-update/bin/../lib/gcc/arm-none-eabi/7.3.1/../../../../arm-none-eabi/lib/thumb/v7e-m/fpv4-sp/hard/libc_nano.a(lib_a-fwalk.o)
 .ARM.attributes
                0x00000000000004e7       0x34 /usr/local/Cellar/arm-gcc-bin/7-2018-q2-update/bin/../lib/gcc/arm-none-eabi/7.3.1/../../../../arm-none-eabi/lib/thumb/v7e-m/fpv4-sp/hard/libc_nano.a(lib_a-nano-mallocr.o)
 .ARM.attributes
                0x000000000000051b       0x34 /usr/local/Cellar/arm-gcc-bin/7-2018-q2-update/bin/../lib/gcc/arm-none-eabi/7.3.1/../../../../arm-none-eabi/lib/thumb/v7e-m/fpv4-sp/hard/libc_nano.a(lib_a-nano-vfprintf.o)
 .ARM.attributes
                0x000000000000054f       0x34 /usr/local/Cellar/arm-gcc-bin/7-2018-q2-update/bin/../lib/gcc/arm-none-eabi/7.3.1/../../../../arm-none-eabi/lib/thumb/v7e-m/fpv4-sp/hard/libc_nano.a(lib_a-nano-vfprintf_i.o)
 .ARM.attributes
                0x0000000000000583       0x34 /usr/local/Cellar/arm-gcc-bin/7-2018-q2-update/bin/../lib/gcc/arm-none-eabi/7.3.1/../../../../arm-none-eabi/lib/thumb/v7e-m/fpv4-sp/hard/libc_nano.a(lib_a-sbrkr.o)
 .ARM.attributes
                0x00000000000005b7       0x34 /usr/local/Cellar/arm-gcc-bin/7-2018-q2-update/bin/../lib/gcc/arm-none-eabi/7.3.1/../../../../arm-none-eabi/lib/thumb/v7e-m/fpv4-sp/hard/libc_nano.a(lib_a-stdio.o)
 .ARM.attributes
                0x00000000000005eb       0x34 /usr/local/Cellar/arm-gcc-bin/7-2018-q2-update/bin/../lib/gcc/arm-none-eabi/7.3.1/../../../../arm-none-eabi/lib/thumb/v7e-m/fpv4-sp/hard/libc_nano.a(lib_a-wbuf.o)
 .ARM.attributes
                0x000000000000061f       0x34 /usr/local/Cellar/arm-gcc-bin/7-2018-q2-update/bin/../lib/gcc/arm-none-eabi/7.3.1/../../../../arm-none-eabi/lib/thumb/v7e-m/fpv4-sp/hard/libc_nano.a(lib_a-writer.o)
 .ARM.attributes
                0x0000000000000653       0x34 /usr/local/Cellar/arm-gcc-bin/7-2018-q2-update/bin/../lib/gcc/arm-none-eabi/7.3.1/../../../../arm-none-eabi/lib/thumb/v7e-m/fpv4-sp/hard/libc_nano.a(lib_a-wsetup.o)
 .ARM.attributes
                0x0000000000000687       0x34 /usr/local/Cellar/arm-gcc-bin/7-2018-q2-update/bin/../lib/gcc/arm-none-eabi/7.3.1/../../../../arm-none-eabi/lib/thumb/v7e-m/fpv4-sp/hard/libc_nano.a(lib_a-closer.o)
 .ARM.attributes
                0x00000000000006bb       0x34 /usr/local/Cellar/arm-gcc-bin/7-2018-q2-update/bin/../lib/gcc/arm-none-eabi/7.3.1/../../../../arm-none-eabi/lib/thumb/v7e-m/fpv4-sp/hard/libc_nano.a(lib_a-fflush.o)
 .ARM.attributes
                0x00000000000006ef       0x34 /usr/local/Cellar/arm-gcc-bin/7-2018-q2-update/bin/../lib/gcc/arm-none-eabi/7.3.1/../../../../arm-none-eabi/lib/thumb/v7e-m/fpv4-sp/hard/libc_nano.a(lib_a-lseekr.o)
 .ARM.attributes
                0x0000000000000723       0x34 /usr/local/Cellar/arm-gcc-bin/7-2018-q2-update/bin/../lib/gcc/arm-none-eabi/7.3.1/../../../../arm-none-eabi/lib/thumb/v7e-m/fpv4-sp/hard/libc_nano.a(lib_a-makebuf.o)
 .ARM.attributes
                0x0000000000000757       0x20 /usr/local/Cellar/arm-gcc-bin/7-2018-q2-update/bin/../lib/gcc/arm-none-eabi/7.3.1/../../../../arm-none-eabi/lib/thumb/v7e-m/fpv4-sp/hard/libc_nano.a(lib_a-memchr.o)
 .ARM.attributes
                0x0000000000000777       0x34 /usr/local/Cellar/arm-gcc-bin/7-2018-q2-update/bin/../lib/gcc/arm-none-eabi/7.3.1/../../../../arm-none-eabi/lib/thumb/v7e-m/fpv4-sp/hard/libc_nano.a(lib_a-mlock.o)
 .ARM.attributes
                0x00000000000007ab       0x34 /usr/local/Cellar/arm-gcc-bin/7-2018-q2-update/bin/../lib/gcc/arm-none-eabi/7.3.1/../../../../arm-none-eabi/lib/thumb/v7e-m/fpv4-sp/hard/libc_nano.a(lib_a-nano-freer.o)
 .ARM.attributes
                0x00000000000007df       0x34 /usr/local/Cellar/arm-gcc-bin/7-2018-q2-update/bin/../lib/gcc/arm-none-eabi/7.3.1/../../../../arm-none-eabi/lib/thumb/v7e-m/fpv4-sp/hard/libc_nano.a(lib_a-readr.o)
 .ARM.attributes
                0x0000000000000813       0x34 /usr/local/Cellar/arm-gcc-bin/7-2018-q2-update/bin/../lib/gcc/arm-none-eabi/7.3.1/../../../../arm-none-eabi/lib/thumb/v7e-m/fpv4-sp/hard/libc_nano.a(lib_a-reent.o)
 .ARM.attributes
                0x0000000000000847       0x34 /usr/local/Cellar/arm-gcc-bin/7-2018-q2-update/bin/../lib/gcc/arm-none-eabi/7.3.1/../../../../arm-none-eabi/lib/thumb/v7e-m/fpv4-sp/hard/libc_nano.a(lib_a-fstatr.o)
 .ARM.attributes
                0x000000000000087b       0x34 /usr/local/Cellar/arm-gcc-bin/7-2018-q2-update/bin/../lib/gcc/arm-none-eabi/7.3.1/../../../../arm-none-eabi/lib/thumb/v7e-m/fpv4-sp/hard/libc_nano.a(lib_a-isattyr.o)
 .ARM.attributes
                0x00000000000008af       0x34 /usr/local/Cellar/arm-gcc-bin/7-2018-q2-update/bin/../lib/gcc/arm-none-eabi/7.3.1/../../../../arm-none-eabi/lib/thumb/v7e-m/fpv4-sp/hard/libnosys.a(close.o)
 .ARM.attributes
                0x00000000000008e3       0x34 /usr/local/Cellar/arm-gcc-bin/7-2018-q2-update/bin/../lib/gcc/arm-none-eabi/7.3.1/../../../../arm-none-eabi/lib/thumb/v7e-m/fpv4-sp/hard/libnosys.a(fstat.o)
 .ARM.attributes
                0x0000000000000917       0x34 /usr/local/Cellar/arm-gcc-bin/7-2018-q2-update/bin/../lib/gcc/arm-none-eabi/7.3.1/../../../../arm-none-eabi/lib/thumb/v7e-m/fpv4-sp/hard/libnosys.a(isatty.o)
 .ARM.attributes
                0x000000000000094b       0x34 /usr/local/Cellar/arm-gcc-bin/7-2018-q2-update/bin/../lib/gcc/arm-none-eabi/7.3.1/../../../../arm-none-eabi/lib/thumb/v7e-m/fpv4-sp/hard/libnosys.a(lseek.o)
 .ARM.attributes
                0x000000000000097f       0x34 /usr/local/Cellar/arm-gcc-bin/7-2018-q2-update/bin/../lib/gcc/arm-none-eabi/7.3.1/../../../../arm-none-eabi/lib/thumb/v7e-m/fpv4-sp/hard/libnosys.a(sbrk.o)
 .ARM.attributes
                0x00000000000009b3       0x34 /usr/local/Cellar/arm-gcc-bin/7-2018-q2-update/bin/../lib/gcc/arm-none-eabi/7.3.1/../../../../arm-none-eabi/lib/thumb/v7e-m/fpv4-sp/hard/libnosys.a(_exit.o)
 .ARM.attributes
                0x00000000000009e7       0x34 /usr/local/Cellar/arm-gcc-bin/7-2018-q2-update/bin/../lib/gcc/arm-none-eabi/7.3.1/thumb/v7e-m/fpv4-sp/hard/crtend.o
 .ARM.attributes
                0x0000000000000a1b       0x22 /usr/local/Cellar/arm-gcc-bin/7-2018-q2-update/bin/../lib/gcc/arm-none-eabi/7.3.1/thumb/v7e-m/fpv4-sp/hard/crtn.o

.comment        0x0000000000000000       0x7f
 .comment       0x0000000000000000       0x7f _build/nrf52840_xxaa/boards.c.o
                                         0x80 (size before relaxing)
 .comment       0x000000000000007f       0x80 _build/nrf52840_xxaa/app_error.c.o
 .comment       0x000000000000007f       0x80 _build/nrf52840_xxaa/app_error_weak.c.o
 .comment       0x000000000000007f       0x80 _build/nrf52840_xxaa/app_fifo.c.o
 .comment       0x000000000000007f       0x80 _build/nrf52840_xxaa/app_uart_fifo.c.o
 .comment       0x000000000000007f       0x80 _build/nrf52840_xxaa/app_util_platform.c.o
 .comment       0x000000000000007f       0x80 _build/nrf52840_xxaa/retarget.c.o
 .comment       0x000000000000007f       0x80 _build/nrf52840_xxaa/nrf_drv_uart.c.o
 .comment       0x000000000000007f       0x80 _build/nrf52840_xxaa/nrfx_prs.c.o
 .comment       0x000000000000007f       0x80 _build/nrf52840_xxaa/nrfx_uart.c.o
 .comment       0x000000000000007f       0x80 _build/nrf52840_xxaa/nrfx_uarte.c.o
 .comment       0x000000000000007f       0x80 _build/nrf52840_xxaa/main.c.o
 .comment       0x000000000000007f       0x80 _build/nrf52840_xxaa/system_nrf52840.c.o

.debug_line     0x0000000000000000     0x7375
 .debug_line    0x0000000000000000       0x9b _build/nrf52840_xxaa/gcc_startup_nrf52840.S.o
 .debug_line    0x000000000000009b      0x94d _build/nrf52840_xxaa/boards.c.o
 .debug_line    0x00000000000009e8      0x51c _build/nrf52840_xxaa/app_error.c.o
 .debug_line    0x0000000000000f04      0x767 _build/nrf52840_xxaa/app_error_weak.c.o
 .debug_line    0x000000000000166b      0x6a5 _build/nrf52840_xxaa/app_fifo.c.o
 .debug_line    0x0000000000001d10      0xa70 _build/nrf52840_xxaa/app_uart_fifo.c.o
 .debug_line    0x0000000000002780      0x5d0 _build/nrf52840_xxaa/app_util_platform.c.o
 .debug_line    0x0000000000002d50      0x5d4 _build/nrf52840_xxaa/retarget.c.o
 .debug_line    0x0000000000003324      0x85a _build/nrf52840_xxaa/nrf_drv_uart.c.o
 .debug_line    0x0000000000003b7e      0x933 _build/nrf52840_xxaa/nrfx_prs.c.o
 .debug_line    0x00000000000044b1     0x107e _build/nrf52840_xxaa/nrfx_uart.c.o
 .debug_line    0x000000000000552f     0x1098 _build/nrf52840_xxaa/nrfx_uarte.c.o
 .debug_line    0x00000000000065c7      0x8f1 _build/nrf52840_xxaa/main.c.o
 .debug_line    0x0000000000006eb8      0x4bd _build/nrf52840_xxaa/system_nrf52840.c.o

.debug_info     0x0000000000000000    0x1341a
 .debug_info    0x0000000000000000       0x26 _build/nrf52840_xxaa/gcc_startup_nrf52840.S.o
 .debug_info    0x0000000000000026     0x1550 _build/nrf52840_xxaa/boards.c.o
 .debug_info    0x0000000000001576      0xad5 _build/nrf52840_xxaa/app_error.c.o
 .debug_info    0x000000000000204b      0xe31 _build/nrf52840_xxaa/app_error_weak.c.o
 .debug_info    0x0000000000002e7c      0xe3e _build/nrf52840_xxaa/app_fifo.c.o
 .debug_info    0x0000000000003cba     0x1f2b _build/nrf52840_xxaa/app_uart_fifo.c.o
 .debug_info    0x0000000000005be5      0xfd2 _build/nrf52840_xxaa/app_util_platform.c.o
 .debug_info    0x0000000000006bb7      0x9ed _build/nrf52840_xxaa/retarget.c.o
 .debug_info    0x00000000000075a4     0x192e _build/nrf52840_xxaa/nrf_drv_uart.c.o
 .debug_info    0x0000000000008ed2     0x1073 _build/nrf52840_xxaa/nrfx_prs.c.o
 .debug_info    0x0000000000009f45     0x39ba _build/nrf52840_xxaa/nrfx_uart.c.o
 .debug_info    0x000000000000d8ff     0x3920 _build/nrf52840_xxaa/nrfx_uarte.c.o
 .debug_info    0x000000000001121f      0xd27 _build/nrf52840_xxaa/main.c.o
 .debug_info    0x0000000000011f46     0x14d4 _build/nrf52840_xxaa/system_nrf52840.c.o

.debug_abbrev   0x0000000000000000     0x284d
 .debug_abbrev  0x0000000000000000       0x14 _build/nrf52840_xxaa/gcc_startup_nrf52840.S.o
 .debug_abbrev  0x0000000000000014      0x3dc _build/nrf52840_xxaa/boards.c.o
 .debug_abbrev  0x00000000000003f0      0x235 _build/nrf52840_xxaa/app_error.c.o
 .debug_abbrev  0x0000000000000625      0x271 _build/nrf52840_xxaa/app_error_weak.c.o
 .debug_abbrev  0x0000000000000896      0x28d _build/nrf52840_xxaa/app_fifo.c.o
 .debug_abbrev  0x0000000000000b23      0x3c8 _build/nrf52840_xxaa/app_uart_fifo.c.o
 .debug_abbrev  0x0000000000000eeb      0x333 _build/nrf52840_xxaa/app_util_platform.c.o
 .debug_abbrev  0x000000000000121e      0x215 _build/nrf52840_xxaa/retarget.c.o
 .debug_abbrev  0x0000000000001433      0x298 _build/nrf52840_xxaa/nrf_drv_uart.c.o
 .debug_abbrev  0x00000000000016cb      0x2f8 _build/nrf52840_xxaa/nrfx_prs.c.o
 .debug_abbrev  0x00000000000019c3      0x51a _build/nrf52840_xxaa/nrfx_uart.c.o
 .debug_abbrev  0x0000000000001edd      0x4d3 _build/nrf52840_xxaa/nrfx_uarte.c.o
 .debug_abbrev  0x00000000000023b0      0x290 _build/nrf52840_xxaa/main.c.o
 .debug_abbrev  0x0000000000002640      0x20d _build/nrf52840_xxaa/system_nrf52840.c.o

.debug_aranges  0x0000000000000000      0x378
 .debug_aranges
                0x0000000000000000       0x20 _build/nrf52840_xxaa/gcc_startup_nrf52840.S.o
 .debug_aranges
                0x0000000000000020       0x78 _build/nrf52840_xxaa/boards.c.o
 .debug_aranges
                0x0000000000000098       0x28 _build/nrf52840_xxaa/app_error.c.o
 .debug_aranges
                0x00000000000000c0       0x20 _build/nrf52840_xxaa/app_error_weak.c.o
 .debug_aranges
                0x00000000000000e0       0x50 _build/nrf52840_xxaa/app_fifo.c.o
 .debug_aranges
                0x0000000000000130       0x48 _build/nrf52840_xxaa/app_uart_fifo.c.o
 .debug_aranges
                0x0000000000000178       0x48 _build/nrf52840_xxaa/app_util_platform.c.o
 .debug_aranges
                0x00000000000001c0       0x28 _build/nrf52840_xxaa/retarget.c.o
 .debug_aranges
                0x00000000000001e8       0x30 _build/nrf52840_xxaa/nrf_drv_uart.c.o
 .debug_aranges
                0x0000000000000218       0x30 _build/nrf52840_xxaa/nrfx_prs.c.o
 .debug_aranges
                0x0000000000000248       0x78 _build/nrf52840_xxaa/nrfx_uart.c.o
 .debug_aranges
                0x00000000000002c0       0x68 _build/nrf52840_xxaa/nrfx_uarte.c.o
 .debug_aranges
                0x0000000000000328       0x28 _build/nrf52840_xxaa/main.c.o
 .debug_aranges
                0x0000000000000350       0x28 _build/nrf52840_xxaa/system_nrf52840.c.o

.debug_str      0x0000000000000000    0x8e038
 .debug_str     0x0000000000000000       0xac _build/nrf52840_xxaa/gcc_startup_nrf52840.S.o
 .debug_str     0x00000000000000ac    0x86978 _build/nrf52840_xxaa/boards.c.o
                                      0x87d0f (size before relaxing)
 .debug_str     0x0000000000086a24      0x128 _build/nrf52840_xxaa/app_error.c.o
                                      0x799ec (size before relaxing)
 .debug_str     0x0000000000086b4c     0x32b3 _build/nrf52840_xxaa/app_error_weak.c.o
                                      0x86a87 (size before relaxing)
 .debug_str     0x0000000000089dff      0x236 _build/nrf52840_xxaa/app_fifo.c.o
                                      0x830cd (size before relaxing)
 .debug_str     0x000000000008a035     0x1689 _build/nrf52840_xxaa/app_uart_fifo.c.o
                                      0x8827c (size before relaxing)
 .debug_str     0x000000000008b6be      0x390 _build/nrf52840_xxaa/app_util_platform.c.o
                                      0x7a249 (size before relaxing)
 .debug_str     0x000000000008ba4e       0x50 _build/nrf52840_xxaa/retarget.c.o
                                      0x83f1e (size before relaxing)
 .debug_str     0x000000000008ba9e      0x493 _build/nrf52840_xxaa/nrf_drv_uart.c.o
                                      0x8796c (size before relaxing)
 .debug_str     0x000000000008bf31      0x664 _build/nrf52840_xxaa/nrfx_prs.c.o
                                      0x89a39 (size before relaxing)
 .debug_str     0x000000000008c595      0x76f _build/nrf52840_xxaa/nrfx_uart.c.o
                                      0x8ac3e (size before relaxing)
 .debug_str     0x000000000008cd04      0x95d _build/nrf52840_xxaa/nrfx_uarte.c.o
                                      0x8b0d2 (size before relaxing)
 .debug_str     0x000000000008d661      0x38a _build/nrf52840_xxaa/main.c.o
                                      0x88253 (size before relaxing)
 .debug_str     0x000000000008d9eb      0x64d _build/nrf52840_xxaa/system_nrf52840.c.o
                                      0x7575c (size before relaxing)

.debug_loc      0x0000000000000000     0x4f8b
 .debug_loc     0x0000000000000000      0x867 _build/nrf52840_xxaa/boards.c.o
 .debug_loc     0x0000000000000867       0xca _build/nrf52840_xxaa/app_error.c.o
 .debug_loc     0x0000000000000931       0x42 _build/nrf52840_xxaa/app_error_weak.c.o
 .debug_loc     0x0000000000000973      0x6a3 _build/nrf52840_xxaa/app_fifo.c.o
 .debug_loc     0x0000000000001016      0x75a _build/nrf52840_xxaa/app_uart_fifo.c.o
 .debug_loc     0x0000000000001770       0xc3 _build/nrf52840_xxaa/app_util_platform.c.o
 .debug_loc     0x0000000000001833       0xe9 _build/nrf52840_xxaa/retarget.c.o
 .debug_loc     0x000000000000191c      0x1ae _build/nrf52840_xxaa/nrf_drv_uart.c.o
 .debug_loc     0x0000000000001aca       0xc6 _build/nrf52840_xxaa/nrfx_prs.c.o
 .debug_loc     0x0000000000001b90     0x1ac7 _build/nrf52840_xxaa/nrfx_uart.c.o
 .debug_loc     0x0000000000003657     0x178b _build/nrf52840_xxaa/nrfx_uarte.c.o
 .debug_loc     0x0000000000004de2       0x3f _build/nrf52840_xxaa/main.c.o
 .debug_loc     0x0000000000004e21      0x16a _build/nrf52840_xxaa/system_nrf52840.c.o

.debug_ranges   0x0000000000000000      0xe28
 .debug_ranges  0x0000000000000000       0xe8 _build/nrf52840_xxaa/boards.c.o
 .debug_ranges  0x00000000000000e8       0x18 _build/nrf52840_xxaa/app_error.c.o
 .debug_ranges  0x0000000000000100       0x10 _build/nrf52840_xxaa/app_error_weak.c.o
 .debug_ranges  0x0000000000000110      0x128 _build/nrf52840_xxaa/app_fifo.c.o
 .debug_ranges  0x0000000000000238      0x138 _build/nrf52840_xxaa/app_uart_fifo.c.o
 .debug_ranges  0x0000000000000370       0x50 _build/nrf52840_xxaa/app_util_platform.c.o
 .debug_ranges  0x00000000000003c0       0x18 _build/nrf52840_xxaa/retarget.c.o
 .debug_ranges  0x00000000000003d8       0x20 _build/nrf52840_xxaa/nrf_drv_uart.c.o
 .debug_ranges  0x00000000000003f8       0x38 _build/nrf52840_xxaa/nrfx_prs.c.o
 .debug_ranges  0x0000000000000430      0x460 _build/nrf52840_xxaa/nrfx_uart.c.o
 .debug_ranges  0x0000000000000890      0x4b8 _build/nrf52840_xxaa/nrfx_uarte.c.o
 .debug_ranges  0x0000000000000d48       0x50 _build/nrf52840_xxaa/main.c.o
 .debug_ranges  0x0000000000000d98       0x90 _build/nrf52840_xxaa/system_nrf52840.c.o

.debug_macro    0x0000000000000000     0x463f
 .debug_macro   0x0000000000000000      0x349 _build/nrf52840_xxaa/boards.c.o
 .debug_macro   0x0000000000000349      0x101 _build/nrf52840_xxaa/boards.c.o
 .debug_macro   0x000000000000044a       0x1f _build/nrf52840_xxaa/boards.c.o
 .debug_macro   0x0000000000000469      0x45b _build/nrf52840_xxaa/boards.c.o
 .debug_macro   0x00000000000008c4       0x59 _build/nrf52840_xxaa/boards.c.o
 .debug_macro   0x000000000000091d      0x145 _build/nrf52840_xxaa/boards.c.o
 .debug_macro   0x0000000000000a62      0x14e _build/nrf52840_xxaa/boards.c.o
 .debug_macro   0x0000000000000bb0       0x3f _build/nrf52840_xxaa/boards.c.o
 .debug_macro   0x0000000000000bef       0x16 _build/nrf52840_xxaa/boards.c.o
 .debug_macro   0x0000000000000c05      0x34d _build/nrf52840_xxaa/boards.c.o
 .debug_macro   0x0000000000000f52       0x10 _build/nrf52840_xxaa/boards.c.o
 .debug_macro   0x0000000000000f62       0x10 _build/nrf52840_xxaa/boards.c.o
 .debug_macro   0x0000000000000f72       0xb6 _build/nrf52840_xxaa/boards.c.o
 .debug_macro   0x0000000000001028       0x16 _build/nrf52840_xxaa/boards.c.o
 .debug_macro   0x000000000000103e      0x129 _build/nrf52840_xxaa/boards.c.o
 .debug_macro   0x0000000000001167       0x49 _build/nrf52840_xxaa/boards.c.o
 .debug_macro   0x00000000000011b0       0x8c _build/nrf52840_xxaa/boards.c.o
 .debug_macro   0x000000000000123c       0x19 _build/nrf52840_xxaa/boards.c.o
 .debug_macro   0x0000000000001255       0x1d _build/nrf52840_xxaa/boards.c.o
 .debug_macro   0x0000000000001272       0x35 _build/nrf52840_xxaa/boards.c.o
 .debug_macro   0x00000000000012a7       0x7b _build/nrf52840_xxaa/boards.c.o
 .debug_macro   0x0000000000001322       0x64 _build/nrf52840_xxaa/boards.c.o
 .debug_macro   0x0000000000001386       0x20 _build/nrf52840_xxaa/boards.c.o
 .debug_macro   0x00000000000013a6       0x1c _build/nrf52840_xxaa/boards.c.o
 .debug_macro   0x00000000000013c2      0x208 _build/nrf52840_xxaa/boards.c.o
 .debug_macro   0x00000000000015ca      0x16d _build/nrf52840_xxaa/boards.c.o
 .debug_macro   0x0000000000001737      0x228 _build/nrf52840_xxaa/app_error.c.o
 .debug_macro   0x000000000000195f       0x97 _build/nrf52840_xxaa/app_error.c.o
 .debug_macro   0x00000000000019f6       0xf6 _build/nrf52840_xxaa/app_error.c.o
 .debug_macro   0x0000000000001aec      0x31d _build/nrf52840_xxaa/app_error_weak.c.o
 .debug_macro   0x0000000000001e09       0xfb _build/nrf52840_xxaa/app_error_weak.c.o
 .debug_macro   0x0000000000001f04       0x16 _build/nrf52840_xxaa/app_error_weak.c.o
 .debug_macro   0x0000000000001f1a       0x31 _build/nrf52840_xxaa/app_error_weak.c.o
 .debug_macro   0x0000000000001f4b       0x16 _build/nrf52840_xxaa/app_error_weak.c.o
 .debug_macro   0x0000000000001f61       0x55 _build/nrf52840_xxaa/app_error_weak.c.o
 .debug_macro   0x0000000000001fb6      0x17f _build/nrf52840_xxaa/app_error_weak.c.o
 .debug_macro   0x0000000000002135       0x9a _build/nrf52840_xxaa/app_error_weak.c.o
 .debug_macro   0x00000000000021cf       0x28 _build/nrf52840_xxaa/app_error_weak.c.o
 .debug_macro   0x00000000000021f7       0x23 _build/nrf52840_xxaa/app_error_weak.c.o
 .debug_macro   0x000000000000221a       0x1c _build/nrf52840_xxaa/app_error_weak.c.o
 .debug_macro   0x0000000000002236       0x92 _build/nrf52840_xxaa/app_error_weak.c.o
 .debug_macro   0x00000000000022c8      0x24e _build/nrf52840_xxaa/app_fifo.c.o
 .debug_macro   0x0000000000002516       0x16 _build/nrf52840_xxaa/app_fifo.c.o
 .debug_macro   0x000000000000252c       0x22 _build/nrf52840_xxaa/app_fifo.c.o
 .debug_macro   0x000000000000254e      0x3f2 _build/nrf52840_xxaa/app_uart_fifo.c.o
 .debug_macro   0x0000000000002940       0x18 _build/nrf52840_xxaa/app_uart_fifo.c.o
 .debug_macro   0x0000000000002958       0x10 _build/nrf52840_xxaa/app_uart_fifo.c.o
 .debug_macro   0x0000000000002968       0x10 _build/nrf52840_xxaa/app_uart_fifo.c.o
 .debug_macro   0x0000000000002978       0x10 _build/nrf52840_xxaa/app_uart_fifo.c.o
 .debug_macro   0x0000000000002988       0x10 _build/nrf52840_xxaa/app_uart_fifo.c.o
 .debug_macro   0x0000000000002998       0x10 _build/nrf52840_xxaa/app_uart_fifo.c.o
 .debug_macro   0x00000000000029a8       0x3f _build/nrf52840_xxaa/app_uart_fifo.c.o
 .debug_macro   0x00000000000029e7      0x244 _build/nrf52840_xxaa/app_util_platform.c.o
 .debug_macro   0x0000000000002c2b       0xe9 _build/nrf52840_xxaa/app_util_platform.c.o
 .debug_macro   0x0000000000002d14      0x2ac _build/nrf52840_xxaa/retarget.c.o
 .debug_macro   0x0000000000002fc0      0x372 _build/nrf52840_xxaa/nrf_drv_uart.c.o
 .debug_macro   0x0000000000003332      0x3d5 _build/nrf52840_xxaa/nrfx_prs.c.o
 .debug_macro   0x0000000000003707       0x28 _build/nrf52840_xxaa/nrfx_prs.c.o
 .debug_macro   0x000000000000372f       0x1c _build/nrf52840_xxaa/nrfx_prs.c.o
 .debug_macro   0x000000000000374b       0x37 _build/nrf52840_xxaa/nrfx_prs.c.o
 .debug_macro   0x0000000000003782       0x10 _build/nrf52840_xxaa/nrfx_prs.c.o
 .debug_macro   0x0000000000003792      0x179 _build/nrf52840_xxaa/nrfx_prs.c.o
 .debug_macro   0x000000000000390b       0x42 _build/nrf52840_xxaa/nrfx_prs.c.o
 .debug_macro   0x000000000000394d      0x3f0 _build/nrf52840_xxaa/nrfx_uart.c.o
 .debug_macro   0x0000000000003d3d       0x22 _build/nrf52840_xxaa/nrfx_uart.c.o
 .debug_macro   0x0000000000003d5f      0x40e _build/nrf52840_xxaa/nrfx_uarte.c.o
 .debug_macro   0x000000000000416d      0x3a0 _build/nrf52840_xxaa/main.c.o
 .debug_macro   0x000000000000450d      0x132 _build/nrf52840_xxaa/system_nrf52840.c.o

.debug_frame    0x0000000000000000     0x1090
 .debug_frame   0x0000000000000000       0xf8 _build/nrf52840_xxaa/boards.c.o
 .debug_frame   0x00000000000000f8       0x54 _build/nrf52840_xxaa/app_error.c.o
 .debug_frame   0x000000000000014c       0x20 _build/nrf52840_xxaa/app_error_weak.c.o
 .debug_frame   0x000000000000016c      0x110 _build/nrf52840_xxaa/app_fifo.c.o
 .debug_frame   0x000000000000027c       0xe8 _build/nrf52840_xxaa/app_uart_fifo.c.o
 .debug_frame   0x0000000000000364       0x70 _build/nrf52840_xxaa/app_util_platform.c.o
 .debug_frame   0x00000000000003d4       0x44 _build/nrf52840_xxaa/retarget.c.o
 .debug_frame   0x0000000000000418       0x80 _build/nrf52840_xxaa/nrf_drv_uart.c.o
 .debug_frame   0x0000000000000498       0x4c _build/nrf52840_xxaa/nrfx_prs.c.o
 .debug_frame   0x00000000000004e4      0x198 _build/nrf52840_xxaa/nrfx_uart.c.o
 .debug_frame   0x000000000000067c      0x19c _build/nrf52840_xxaa/nrfx_uarte.c.o
 .debug_frame   0x0000000000000818       0x3c _build/nrf52840_xxaa/main.c.o
 .debug_frame   0x0000000000000854       0x40 _build/nrf52840_xxaa/system_nrf52840.c.o
 .debug_frame   0x0000000000000894       0x28 /usr/local/Cellar/arm-gcc-bin/7-2018-q2-update/bin/../lib/gcc/arm-none-eabi/7.3.1/../../../../arm-none-eabi/lib/thumb/v7e-m/fpv4-sp/hard/libc_nano.a(lib_a-exit.o)
 .debug_frame   0x00000000000008bc       0x2c /usr/local/Cellar/arm-gcc-bin/7-2018-q2-update/bin/../lib/gcc/arm-none-eabi/7.3.1/../../../../arm-none-eabi/lib/thumb/v7e-m/fpv4-sp/hard/libc_nano.a(lib_a-init.o)
 .debug_frame   0x00000000000008e8       0x20 /usr/local/Cellar/arm-gcc-bin/7-2018-q2-update/bin/../lib/gcc/arm-none-eabi/7.3.1/../../../../arm-none-eabi/lib/thumb/v7e-m/fpv4-sp/hard/libc_nano.a(lib_a-memset.o)
 .debug_frame   0x0000000000000908       0x74 /usr/local/Cellar/arm-gcc-bin/7-2018-q2-update/bin/../lib/gcc/arm-none-eabi/7.3.1/../../../../arm-none-eabi/lib/thumb/v7e-m/fpv4-sp/hard/libc_nano.a(lib_a-printf.o)
 .debug_frame   0x000000000000097c      0x11c /usr/local/Cellar/arm-gcc-bin/7-2018-q2-update/bin/../lib/gcc/arm-none-eabi/7.3.1/../../../../arm-none-eabi/lib/thumb/v7e-m/fpv4-sp/hard/libc_nano.a(lib_a-findfp.o)
 .debug_frame   0x0000000000000a98       0x54 /usr/local/Cellar/arm-gcc-bin/7-2018-q2-update/bin/../lib/gcc/arm-none-eabi/7.3.1/../../../../arm-none-eabi/lib/thumb/v7e-m/fpv4-sp/hard/libc_nano.a(lib_a-fwalk.o)
 .debug_frame   0x0000000000000aec       0x2c /usr/local/Cellar/arm-gcc-bin/7-2018-q2-update/bin/../lib/gcc/arm-none-eabi/7.3.1/../../../../arm-none-eabi/lib/thumb/v7e-m/fpv4-sp/hard/libc_nano.a(lib_a-nano-mallocr.o)
 .debug_frame   0x0000000000000b18       0xac /usr/local/Cellar/arm-gcc-bin/7-2018-q2-update/bin/../lib/gcc/arm-none-eabi/7.3.1/../../../../arm-none-eabi/lib/thumb/v7e-m/fpv4-sp/hard/libc_nano.a(lib_a-nano-vfprintf.o)
 .debug_frame   0x0000000000000bc4       0x60 /usr/local/Cellar/arm-gcc-bin/7-2018-q2-update/bin/../lib/gcc/arm-none-eabi/7.3.1/../../../../arm-none-eabi/lib/thumb/v7e-m/fpv4-sp/hard/libc_nano.a(lib_a-nano-vfprintf_i.o)
 .debug_frame   0x0000000000000c24       0x2c /usr/local/Cellar/arm-gcc-bin/7-2018-q2-update/bin/../lib/gcc/arm-none-eabi/7.3.1/../../../../arm-none-eabi/lib/thumb/v7e-m/fpv4-sp/hard/libc_nano.a(lib_a-sbrkr.o)
 .debug_frame   0x0000000000000c50       0x88 /usr/local/Cellar/arm-gcc-bin/7-2018-q2-update/bin/../lib/gcc/arm-none-eabi/7.3.1/../../../../arm-none-eabi/lib/thumb/v7e-m/fpv4-sp/hard/libc_nano.a(lib_a-stdio.o)
 .debug_frame   0x0000000000000cd8       0x40 /usr/local/Cellar/arm-gcc-bin/7-2018-q2-update/bin/../lib/gcc/arm-none-eabi/7.3.1/../../../../arm-none-eabi/lib/thumb/v7e-m/fpv4-sp/hard/libc_nano.a(lib_a-wbuf.o)
 .debug_frame   0x0000000000000d18       0x2c /usr/local/Cellar/arm-gcc-bin/7-2018-q2-update/bin/../lib/gcc/arm-none-eabi/7.3.1/../../../../arm-none-eabi/lib/thumb/v7e-m/fpv4-sp/hard/libc_nano.a(lib_a-writer.o)
 .debug_frame   0x0000000000000d44       0x2c /usr/local/Cellar/arm-gcc-bin/7-2018-q2-update/bin/../lib/gcc/arm-none-eabi/7.3.1/../../../../arm-none-eabi/lib/thumb/v7e-m/fpv4-sp/hard/libc_nano.a(lib_a-wsetup.o)
 .debug_frame   0x0000000000000d70       0x2c /usr/local/Cellar/arm-gcc-bin/7-2018-q2-update/bin/../lib/gcc/arm-none-eabi/7.3.1/../../../../arm-none-eabi/lib/thumb/v7e-m/fpv4-sp/hard/libc_nano.a(lib_a-closer.o)
 .debug_frame   0x0000000000000d9c       0x68 /usr/local/Cellar/arm-gcc-bin/7-2018-q2-update/bin/../lib/gcc/arm-none-eabi/7.3.1/../../../../arm-none-eabi/lib/thumb/v7e-m/fpv4-sp/hard/libc_nano.a(lib_a-fflush.o)
 .debug_frame   0x0000000000000e04       0x2c /usr/local/Cellar/arm-gcc-bin/7-2018-q2-update/bin/../lib/gcc/arm-none-eabi/7.3.1/../../../../arm-none-eabi/lib/thumb/v7e-m/fpv4-sp/hard/libc_nano.a(lib_a-lseekr.o)
 .debug_frame   0x0000000000000e30       0x58 /usr/local/Cellar/arm-gcc-bin/7-2018-q2-update/bin/../lib/gcc/arm-none-eabi/7.3.1/../../../../arm-none-eabi/lib/thumb/v7e-m/fpv4-sp/hard/libc_nano.a(lib_a-makebuf.o)
 .debug_frame   0x0000000000000e88       0x30 /usr/local/Cellar/arm-gcc-bin/7-2018-q2-update/bin/../lib/gcc/arm-none-eabi/7.3.1/../../../../arm-none-eabi/lib/thumb/v7e-m/fpv4-sp/hard/libc_nano.a(lib_a-mlock.o)
 .debug_frame   0x0000000000000eb8       0x38 /usr/local/Cellar/arm-gcc-bin/7-2018-q2-update/bin/../lib/gcc/arm-none-eabi/7.3.1/../../../../arm-none-eabi/lib/thumb/v7e-m/fpv4-sp/hard/libc_nano.a(lib_a-nano-freer.o)
 .debug_frame   0x0000000000000ef0       0x2c /usr/local/Cellar/arm-gcc-bin/7-2018-q2-update/bin/../lib/gcc/arm-none-eabi/7.3.1/../../../../arm-none-eabi/lib/thumb/v7e-m/fpv4-sp/hard/libc_nano.a(lib_a-readr.o)
 .debug_frame   0x0000000000000f1c       0x5c /usr/local/Cellar/arm-gcc-bin/7-2018-q2-update/bin/../lib/gcc/arm-none-eabi/7.3.1/../../../../arm-none-eabi/lib/thumb/v7e-m/fpv4-sp/hard/libc_nano.a(lib_a-reent.o)
 .debug_frame   0x0000000000000f78       0x2c /usr/local/Cellar/arm-gcc-bin/7-2018-q2-update/bin/../lib/gcc/arm-none-eabi/7.3.1/../../../../arm-none-eabi/lib/thumb/v7e-m/fpv4-sp/hard/libc_nano.a(lib_a-fstatr.o)
 .debug_frame   0x0000000000000fa4       0x2c /usr/local/Cellar/arm-gcc-bin/7-2018-q2-update/bin/../lib/gcc/arm-none-eabi/7.3.1/../../../../arm-none-eabi/lib/thumb/v7e-m/fpv4-sp/hard/libc_nano.a(lib_a-isattyr.o)
 .debug_frame   0x0000000000000fd0       0x20 /usr/local/Cellar/arm-gcc-bin/7-2018-q2-update/bin/../lib/gcc/arm-none-eabi/7.3.1/../../../../arm-none-eabi/lib/thumb/v7e-m/fpv4-sp/hard/libnosys.a(close.o)
 .debug_frame   0x0000000000000ff0       0x20 /usr/local/Cellar/arm-gcc-bin/7-2018-q2-update/bin/../lib/gcc/arm-none-eabi/7.3.1/../../../../arm-none-eabi/lib/thumb/v7e-m/fpv4-sp/hard/libnosys.a(fstat.o)
 .debug_frame   0x0000000000001010       0x20 /usr/local/Cellar/arm-gcc-bin/7-2018-q2-update/bin/../lib/gcc/arm-none-eabi/7.3.1/../../../../arm-none-eabi/lib/thumb/v7e-m/fpv4-sp/hard/libnosys.a(isatty.o)
 .debug_frame   0x0000000000001030       0x20 /usr/local/Cellar/arm-gcc-bin/7-2018-q2-update/bin/../lib/gcc/arm-none-eabi/7.3.1/../../../../arm-none-eabi/lib/thumb/v7e-m/fpv4-sp/hard/libnosys.a(lseek.o)
 .debug_frame   0x0000000000001050       0x20 /usr/local/Cellar/arm-gcc-bin/7-2018-q2-update/bin/../lib/gcc/arm-none-eabi/7.3.1/../../../../arm-none-eabi/lib/thumb/v7e-m/fpv4-sp/hard/libnosys.a(sbrk.o)
 .debug_frame   0x0000000000001070       0x20 /usr/local/Cellar/arm-gcc-bin/7-2018-q2-update/bin/../lib/gcc/arm-none-eabi/7.3.1/../../../../arm-none-eabi/lib/thumb/v7e-m/fpv4-sp/hard/libnosys.a(_exit.o)

.stab           0x0000000000000000       0x6c
 .stab          0x0000000000000000       0x24 /usr/local/Cellar/arm-gcc-bin/7-2018-q2-update/bin/../lib/gcc/arm-none-eabi/7.3.1/../../../../arm-none-eabi/lib/thumb/v7e-m/fpv4-sp/hard/libnosys.a(close.o)
 .stab          0x0000000000000024       0x18 /usr/local/Cellar/arm-gcc-bin/7-2018-q2-update/bin/../lib/gcc/arm-none-eabi/7.3.1/../../../../arm-none-eabi/lib/thumb/v7e-m/fpv4-sp/hard/libnosys.a(fstat.o)
                                         0x24 (size before relaxing)
 .stab          0x000000000000003c       0x18 /usr/local/Cellar/arm-gcc-bin/7-2018-q2-update/bin/../lib/gcc/arm-none-eabi/7.3.1/../../../../arm-none-eabi/lib/thumb/v7e-m/fpv4-sp/hard/libnosys.a(isatty.o)
                                         0x24 (size before relaxing)
 .stab          0x0000000000000054       0x18 /usr/local/Cellar/arm-gcc-bin/7-2018-q2-update/bin/../lib/gcc/arm-none-eabi/7.3.1/../../../../arm-none-eabi/lib/thumb/v7e-m/fpv4-sp/hard/libnosys.a(lseek.o)
                                         0x24 (size before relaxing)

.stabstr        0x0000000000000000       0xe3
 .stabstr       0x0000000000000000       0xe3 /usr/local/Cellar/arm-gcc-bin/7-2018-q2-update/bin/../lib/gcc/arm-none-eabi/7.3.1/../../../../arm-none-eabi/lib/thumb/v7e-m/fpv4-sp/hard/libnosys.a(close.o)
